seed=0x2545f491 cores=2 steps=610 tick0=0xfffffda8 init=1,2,2,3 sweep=overflow
0 c0 start | r=0 y=0 cur=t3,t1 T=R1.X2.R2.X3.-.-.-.-.-.- s=0 Q=-.-.- M=- R=- C=1 N=0.0.0.0.-.-.-.-.-.- E=-.- B=-.- F=-.-.-/0 P=0 S=0
1 c0 tick | r=0 y=2 cur=t3,t2 T=R1.R2.X2.X3.-.-.-.-.-.- s=0 Q=-.-.- M=- R=- C=1 N=0.0.0.0.-.-.-.-.-.- E=-.- B=-.- F=-.-.-/0 P=0 S=0
2 c0 tick | r=0 y=2 cur=t3,Tmr Svc T=R1.R2.R2.X3.-.-.-.-.-.- s=0 Q=-.-.- M=- R=- C=1 N=0.0.0.0.-.-.-.-.-.- E=-.- B=-.- F=-.-.-/0 P=0 S=0
3 c0 tick | r=0 y=2 cur=t3,t1 T=R1.X2.R2.X3.-.-.-.-.-.- s=0 Q=-.-.- M=- R=- C=1 N=0.0.0.0.-.-.-.-.-.- E=-.- B=-.- F=-.-.-/0 P=0 S=0
4 c0 tick | r=0 y=2 cur=t3,t2 T=R1.R2.X2.X3.-.-.-.-.-.- s=0 Q=-.-.- M=- R=- C=1 N=0.0.0.0.-.-.-.-.-.- E=-.- B=-.- F=-.-.-/0 P=0 S=0
5 c0 tick | r=0 y=2 cur=t3,Tmr Svc T=R1.R2.R2.X3.-.-.-.-.-.- s=0 Q=-.-.- M=- R=- C=1 N=0.0.0.0.-.-.-.-.-.- E=-.- B=-.- F=-.-.-/0 P=0 S=0
6 c0 tick | r=0 y=2 cur=t3,t1 T=R1.X2.R2.X3.-.-.-.-.-.- s=0 Q=-.-.- M=- R=- C=1 N=0.0.0.0.-.-.-.-.-.- E=-.- B=-.- F=-.-.-/0 P=0 S=0
7 c0 tick | r=0 y=2 cur=t3,t2 T=R1.R2.X2.X3.-.-.-.-.-.- s=0 Q=-.-.- M=- R=- C=1 N=0.0.0.0.-.-.-.-.-.- E=-.- B=-.- F=-.-.-/0 P=0 S=0
8 c0 tick | r=0 y=2 cur=t3,Tmr Svc T=R1.R2.R2.X3.-.-.-.-.-.- s=0 Q=-.-.- M=- R=- C=1 N=0.0.0.0.-.-.-.-.-.- E=-.- B=-.- F=-.-.-/0 P=0 S=0
9 c0 tick | r=0 y=2 cur=t3,t1 T=R1.X2.R2.X3.-.-.-.-.-.- s=0 Q=-.-.- M=- R=- C=1 N=0.0.0.0.-.-.-.-.-.- E=-.- B=-.- F=-.-.-/0 P=0 S=0
10 c0 tick | r=0 y=2 cur=t3,t2 T=R1.R2.X2.X3.-.-.-.-.-.- s=0 Q=-.-.- M=- R=- C=1 N=0.0.0.0.-.-.-.-.-.- E=-.- B=-.- F=-.-.-/0 P=0 S=0
11 c0 tick | r=0 y=2 cur=t3,Tmr Svc T=R1.R2.R2.X3.-.-.-.-.-.- s=0 Q=-.-.- M=- R=- C=1 N=0.0.0.0.-.-.-.-.-.- E=-.- B=-.- F=-.-.-/0 P=0 S=0
12 c0 tick | r=0 y=2 cur=t3,t1 T=R1.X2.R2.X3.-.-.-.-.-.- s=0 Q=-.-.- M=- R=- C=1 N=0.0.0.0.-.-.-.-.-.- E=-.- B=-.- F=-.-.-/0 P=0 S=0
13 c0 tick | r=0 y=2 cur=t3,t2 T=R1.R2.X2.X3.-.-.-.-.-.- s=0 Q=-.-.- M=- R=- C=1 N=0.0.0.0.-.-.-.-.-.- E=-.- B=-.- F=-.-.-/0 P=0 S=0
14 c0 tick | r=0 y=2 cur=t3,Tmr Svc T=R1.R2.R2.X3.-.-.-.-.-.- s=0 Q=-.-.- M=- R=- C=1 N=0.0.0.0.-.-.-.-.-.- E=-.- B=-.- F=-.-.-/0 P=0 S=0
15 c0 tick | r=0 y=2 cur=t3,t1 T=R1.X2.R2.X3.-.-.-.-.-.- s=0 Q=-.-.- M=- R=- C=1 N=0.0.0.0.-.-.-.-.-.- E=-.- B=-.- F=-.-.-/0 P=0 S=0
16 c0 tick | r=0 y=2 cur=t3,t2 T=R1.R2.X2.X3.-.-.-.-.-.- s=0 Q=-.-.- M=- R=- C=1 N=0.0.0.0.-.-.-.-.-.- E=-.- B=-.- F=-.-.-/0 P=0 S=0
17 c0 tick | r=0 y=2 cur=t3,Tmr Svc T=R1.R2.R2.X3.-.-.-.-.-.- s=0 Q=-.-.- M=- R=- C=1 N=0.0.0.0.-.-.-.-.-.- E=-.- B=-.- F=-.-.-/0 P=0 S=0
18 c0 tick | r=0 y=2 cur=t3,t1 T=R1.X2.R2.X3.-.-.-.-.-.- s=0 Q=-.-.- M=- R=- C=1 N=0.0.0.0.-.-.-.-.-.- E=-.- B=-.- F=-.-.-/0 P=0 S=0
19 c0 tick | r=0 y=2 cur=t3,t2 T=R1.R2.X2.X3.-.-.-.-.-.- s=0 Q=-.-.- M=- R=- C=1 N=0.0.0.0.-.-.-.-.-.- E=-.- B=-.- F=-.-.-/0 P=0 S=0
20 c0 tick | r=0 y=2 cur=t3,Tmr Svc T=R1.R2.R2.X3.-.-.-.-.-.- s=0 Q=-.-.- M=- R=- C=1 N=0.0.0.0.-.-.-.-.-.- E=-.- B=-.- F=-.-.-/0 P=0 S=0
21 c0 tick | r=0 y=2 cur=t3,t1 T=R1.X2.R2.X3.-.-.-.-.-.- s=0 Q=-.-.- M=- R=- C=1 N=0.0.0.0.-.-.-.-.-.- E=-.- B=-.- F=-.-.-/0 P=0 S=0
22 c0 tick | r=0 y=2 cur=t3,t2 T=R1.R2.X2.X3.-.-.-.-.-.- s=0 Q=-.-.- M=- R=- C=1 N=0.0.0.0.-.-.-.-.-.- E=-.- B=-.- F=-.-.-/0 P=0 S=0
23 c0 tick | r=0 y=2 cur=t3,Tmr Svc T=R1.R2.R2.X3.-.-.-.-.-.- s=0 Q=-.-.- M=- R=- C=1 N=0.0.0.0.-.-.-.-.-.- E=-.- B=-.- F=-.-.-/0 P=0 S=0
24 c0 tick | r=0 y=2 cur=t3,t1 T=R1.X2.R2.X3.-.-.-.-.-.- s=0 Q=-.-.- M=- R=- C=1 N=0.0.0.0.-.-.-.-.-.- E=-.- B=-.- F=-.-.-/0 P=0 S=0
25 c0 tick | r=0 y=2 cur=t3,t2 T=R1.R2.X2.X3.-.-.-.-.-.- s=0 Q=-.-.- M=- R=- C=1 N=0.0.0.0.-.-.-.-.-.- E=-.- B=-.- F=-.-.-/0 P=0 S=0
26 c0 tick | r=0 y=2 cur=t3,Tmr Svc T=R1.R2.R2.X3.-.-.-.-.-.- s=0 Q=-.-.- M=- R=- C=1 N=0.0.0.0.-.-.-.-.-.- E=-.- B=-.- F=-.-.-/0 P=0 S=0
27 c0 tick | r=0 y=2 cur=t3,t1 T=R1.X2.R2.X3.-.-.-.-.-.- s=0 Q=-.-.- M=- R=- C=1 N=0.0.0.0.-.-.-.-.-.- E=-.- B=-.- F=-.-.-/0 P=0 S=0
28 c0 tick | r=0 y=2 cur=t3,t2 T=R1.R2.X2.X3.-.-.-.-.-.- s=0 Q=-.-.- M=- R=- C=1 N=0.0.0.0.-.-.-.-.-.- E=-.- B=-.- F=-.-.-/0 P=0 S=0
29 c0 tick | r=0 y=2 cur=t3,Tmr Svc T=R1.R2.R2.X3.-.-.-.-.-.- s=0 Q=-.-.- M=- R=- C=1 N=0.0.0.0.-.-.-.-.-.- E=-.- B=-.- F=-.-.-/0 P=0 S=0
30 c0 tick | r=0 y=2 cur=t3,t1 T=R1.X2.R2.X3.-.-.-.-.-.- s=0 Q=-.-.- M=- R=- C=1 N=0.0.0.0.-.-.-.-.-.- E=-.- B=-.- F=-.-.-/0 P=0 S=0
31 c0 tick | r=0 y=2 cur=t3,t2 T=R1.R2.X2.X3.-.-.-.-.-.- s=0 Q=-.-.- M=- R=- C=1 N=0.0.0.0.-.-.-.-.-.- E=-.- B=-.- F=-.-.-/0 P=0 S=0
32 c0 tick | r=0 y=2 cur=t3,Tmr Svc T=R1.R2.R2.X3.-.-.-.-.-.- s=0 Q=-.-.- M=- R=- C=1 N=0.0.0.0.-.-.-.-.-.- E=-.- B=-.- F=-.-.-/0 P=0 S=0
33 c0 tick | r=0 y=2 cur=t3,t1 T=R1.X2.R2.X3.-.-.-.-.-.- s=0 Q=-.-.- M=- R=- C=1 N=0.0.0.0.-.-.-.-.-.- E=-.- B=-.- F=-.-.-/0 P=0 S=0
34 c0 tick | r=0 y=2 cur=t3,t2 T=R1.R2.X2.X3.-.-.-.-.-.- s=0 Q=-.-.- M=- R=- C=1 N=0.0.0.0.-.-.-.-.-.- E=-.- B=-.- F=-.-.-/0 P=0 S=0
35 c0 tick | r=0 y=2 cur=t3,Tmr Svc T=R1.R2.R2.X3.-.-.-.-.-.- s=0 Q=-.-.- M=- R=- C=1 N=0.0.0.0.-.-.-.-.-.- E=-.- B=-.- F=-.-.-/0 P=0 S=0
36 c0 tick | r=0 y=2 cur=t3,t1 T=R1.X2.R2.X3.-.-.-.-.-.- s=0 Q=-.-.- M=- R=- C=1 N=0.0.0.0.-.-.-.-.-.- E=-.- B=-.- F=-.-.-/0 P=0 S=0
37 c0 tick | r=0 y=2 cur=t3,t2 T=R1.R2.X2.X3.-.-.-.-.-.- s=0 Q=-.-.- M=- R=- C=1 N=0.0.0.0.-.-.-.-.-.- E=-.- B=-.- F=-.-.-/0 P=0 S=0
38 c0 tick | r=0 y=2 cur=t3,Tmr Svc T=R1.R2.R2.X3.-.-.-.-.-.- s=0 Q=-.-.- M=- R=- C=1 N=0.0.0.0.-.-.-.-.-.- E=-.- B=-.- F=-.-.-/0 P=0 S=0
39 c0 tick | r=0 y=2 cur=t3,t1 T=R1.X2.R2.X3.-.-.-.-.-.- s=0 Q=-.-.- M=- R=- C=1 N=0.0.0.0.-.-.-.-.-.- E=-.- B=-.- F=-.-.-/0 P=0 S=0
40 c0 tick | r=0 y=2 cur=t3,t2 T=R1.R2.X2.X3.-.-.-.-.-.- s=0 Q=-.-.- M=- R=- C=1 N=0.0.0.0.-.-.-.-.-.- E=-.- B=-.- F=-.-.-/0 P=0 S=0
41 c0 tick | r=0 y=2 cur=t3,Tmr Svc T=R1.R2.R2.X3.-.-.-.-.-.- s=0 Q=-.-.- M=- R=- C=1 N=0.0.0.0.-.-.-.-.-.- E=-.- B=-.- F=-.-.-/0 P=0 S=0
42 c0 tick | r=0 y=2 cur=t3,t1 T=R1.X2.R2.X3.-.-.-.-.-.- s=0 Q=-.-.- M=- R=- C=1 N=0.0.0.0.-.-.-.-.-.- E=-.- B=-.- F=-.-.-/0 P=0 S=0
43 c0 tick | r=0 y=2 cur=t3,t2 T=R1.R2.X2.X3.-.-.-.-.-.- s=0 Q=-.-.- M=- R=- C=1 N=0.0.0.0.-.-.-.-.-.- E=-.- B=-.- F=-.-.-/0 P=0 S=0
44 c0 tick | r=0 y=2 cur=t3,Tmr Svc T=R1.R2.R2.X3.-.-.-.-.-.- s=0 Q=-.-.- M=- R=- C=1 N=0.0.0.0.-.-.-.-.-.- E=-.- B=-.- F=-.-.-/0 P=0 S=0
45 c0 tick | r=0 y=2 cur=t3,t1 T=R1.X2.R2.X3.-.-.-.-.-.- s=0 Q=-.-.- M=- R=- C=1 N=0.0.0.0.-.-.-.-.-.- E=-.- B=-.- F=-.-.-/0 P=0 S=0
46 c0 tick | r=0 y=2 cur=t3,t2 T=R1.R2.X2.X3.-.-.-.-.-.- s=0 Q=-.-.- M=- R=- C=1 N=0.0.0.0.-.-.-.-.-.- E=-.- B=-.- F=-.-.-/0 P=0 S=0
47 c0 tick | r=0 y=2 cur=t3,Tmr Svc T=R1.R2.R2.X3.-.-.-.-.-.- s=0 Q=-.-.- M=- R=- C=1 N=0.0.0.0.-.-.-.-.-.- E=-.- B=-.- F=-.-.-/0 P=0 S=0
48 c0 tick | r=0 y=2 cur=t3,t1 T=R1.X2.R2.X3.-.-.-.-.-.- s=0 Q=-.-.- M=- R=- C=1 N=0.0.0.0.-.-.-.-.-.- E=-.- B=-.- F=-.-.-/0 P=0 S=0
49 c0 tick | r=0 y=2 cur=t3,t2 T=R1.R2.X2.X3.-.-.-.-.-.- s=0 Q=-.-.- M=- R=- C=1 N=0.0.0.0.-.-.-.-.-.- E=-.- B=-.- F=-.-.-/0 P=0 S=0
50 c0 tick | r=0 y=2 cur=t3,Tmr Svc T=R1.R2.R2.X3.-.-.-.-.-.- s=0 Q=-.-.- M=- R=- C=1 N=0.0.0.0.-.-.-.-.-.- E=-.- B=-.- F=-.-.-/0 P=0 S=0
51 c0 tick | r=0 y=2 cur=t3,t1 T=R1.X2.R2.X3.-.-.-.-.-.- s=0 Q=-.-.- M=- R=- C=1 N=0.0.0.0.-.-.-.-.-.- E=-.- B=-.- F=-.-.-/0 P=0 S=0
52 c0 tick | r=0 y=2 cur=t3,t2 T=R1.R2.X2.X3.-.-.-.-.-.- s=0 Q=-.-.- M=- R=- C=1 N=0.0.0.0.-.-.-.-.-.- E=-.- B=-.- F=-.-.-/0 P=0 S=0
53 c0 tick | r=0 y=2 cur=t3,Tmr Svc T=R1.R2.R2.X3.-.-.-.-.-.- s=0 Q=-.-.- M=- R=- C=1 N=0.0.0.0.-.-.-.-.-.- E=-.- B=-.- F=-.-.-/0 P=0 S=0
54 c0 tick | r=0 y=2 cur=t3,t1 T=R1.X2.R2.X3.-.-.-.-.-.- s=0 Q=-.-.- M=- R=- C=1 N=0.0.0.0.-.-.-.-.-.- E=-.- B=-.- F=-.-.-/0 P=0 S=0
55 c0 tick | r=0 y=2 cur=t3,t2 T=R1.R2.X2.X3.-.-.-.-.-.- s=0 Q=-.-.- M=- R=- C=1 N=0.0.0.0.-.-.-.-.-.- E=-.- B=-.- F=-.-.-/0 P=0 S=0
56 c0 tick | r=0 y=2 cur=t3,Tmr Svc T=R1.R2.R2.X3.-.-.-.-.-.- s=0 Q=-.-.- M=- R=- C=1 N=0.0.0.0.-.-.-.-.-.- E=-.- B=-.- F=-.-.-/0 P=0 S=0
57 c0 tick | r=0 y=2 cur=t3,t1 T=R1.X2.R2.X3.-.-.-.-.-.- s=0 Q=-.-.- M=- R=- C=1 N=0.0.0.0.-.-.-.-.-.- E=-.- B=-.- F=-.-.-/0 P=0 S=0
58 c0 tick | r=0 y=2 cur=t3,t2 T=R1.R2.X2.X3.-.-.-.-.-.- s=0 Q=-.-.- M=- R=- C=1 N=0.0.0.0.-.-.-.-.-.- E=-.- B=-.- F=-.-.-/0 P=0 S=0
59 c0 tick | r=0 y=2 cur=t3,Tmr Svc T=R1.R2.R2.X3.-.-.-.-.-.- s=0 Q=-.-.- M=- R=- C=1 N=0.0.0.0.-.-.-.-.-.- E=-.- B=-.- F=-.-.-/0 P=0 S=0
60 c0 tick | r=0 y=2 cur=t3,t1 T=R1.X2.R2.X3.-.-.-.-.-.- s=0 Q=-.-.- M=- R=- C=1 N=0.0.0.0.-.-.-.-.-.- E=-.- B=-.- F=-.-.-/0 P=0 S=0
61 c0 tick | r=0 y=2 cur=t3,t2 T=R1.R2.X2.X3.-.-.-.-.-.- s=0 Q=-.-.- M=- R=- C=1 N=0.0.0.0.-.-.-.-.-.- E=-.- B=-.- F=-.-.-/0 P=0 S=0
62 c0 tick | r=0 y=2 cur=t3,Tmr Svc T=R1.R2.R2.X3.-.-.-.-.-.- s=0 Q=-.-.- M=- R=- C=1 N=0.0.0.0.-.-.-.-.-.- E=-.- B=-.- F=-.-.-/0 P=0 S=0
63 c0 tick | r=0 y=2 cur=t3,t1 T=R1.X2.R2.X3.-.-.-.-.-.- s=0 Q=-.-.- M=- R=- C=1 N=0.0.0.0.-.-.-.-.-.- E=-.- B=-.- F=-.-.-/0 P=0 S=0
64 c0 tick | r=0 y=2 cur=t3,t2 T=R1.R2.X2.X3.-.-.-.-.-.- s=0 Q=-.-.- M=- R=- C=1 N=0.0.0.0.-.-.-.-.-.- E=-.- B=-.- F=-.-.-/0 P=0 S=0
65 c0 tick | r=0 y=2 cur=t3,Tmr Svc T=R1.R2.R2.X3.-.-.-.-.-.- s=0 Q=-.-.- M=- R=- C=1 N=0.0.0.0.-.-.-.-.-.- E=-.- B=-.- F=-.-.-/0 P=0 S=0
66 c0 tick | r=0 y=2 cur=t3,t1 T=R1.X2.R2.X3.-.-.-.-.-.- s=0 Q=-.-.- M=- R=- C=1 N=0.0.0.0.-.-.-.-.-.- E=-.- B=-.- F=-.-.-/0 P=0 S=0
67 c0 tick | r=0 y=2 cur=t3,t2 T=R1.R2.X2.X3.-.-.-.-.-.- s=0 Q=-.-.- M=- R=- C=1 N=0.0.0.0.-.-.-.-.-.- E=-.- B=-.- F=-.-.-/0 P=0 S=0
68 c0 tick | r=0 y=2 cur=t3,Tmr Svc T=R1.R2.R2.X3.-.-.-.-.-.- s=0 Q=-.-.- M=- R=- C=1 N=0.0.0.0.-.-.-.-.-.- E=-.- B=-.- F=-.-.-/0 P=0 S=0
69 c0 tick | r=0 y=2 cur=t3,t1 T=R1.X2.R2.X3.-.-.-.-.-.- s=0 Q=-.-.- M=- R=- C=1 N=0.0.0.0.-.-.-.-.-.- E=-.- B=-.- F=-.-.-/0 P=0 S=0
70 c0 tick | r=0 y=2 cur=t3,t2 T=R1.R2.X2.X3.-.-.-.-.-.- s=0 Q=-.-.- M=- R=- C=1 N=0.0.0.0.-.-.-.-.-.- E=-.- B=-.- F=-.-.-/0 P=0 S=0
71 c0 tick | r=0 y=2 cur=t3,Tmr Svc T=R1.R2.R2.X3.-.-.-.-.-.- s=0 Q=-.-.- M=- R=- C=1 N=0.0.0.0.-.-.-.-.-.- E=-.- B=-.- F=-.-.-/0 P=0 S=0
72 c0 tick | r=0 y=2 cur=t3,t1 T=R1.X2.R2.X3.-.-.-.-.-.- s=0 Q=-.-.- M=- R=- C=1 N=0.0.0.0.-.-.-.-.-.- E=-.- B=-.- F=-.-.-/0 P=0 S=0
73 c0 tick | r=0 y=2 cur=t3,t2 T=R1.R2.X2.X3.-.-.-.-.-.- s=0 Q=-.-.- M=- R=- C=1 N=0.0.0.0.-.-.-.-.-.- E=-.- B=-.- F=-.-.-/0 P=0 S=0
74 c0 tick | r=0 y=2 cur=t3,Tmr Svc T=R1.R2.R2.X3.-.-.-.-.-.- s=0 Q=-.-.- M=- R=- C=1 N=0.0.0.0.-.-.-.-.-.- E=-.- B=-.- F=-.-.-/0 P=0 S=0
75 c0 tick | r=0 y=2 cur=t3,t1 T=R1.X2.R2.X3.-.-.-.-.-.- s=0 Q=-.-.- M=- R=- C=1 N=0.0.0.0.-.-.-.-.-.- E=-.- B=-.- F=-.-.-/0 P=0 S=0
76 c0 tick | r=0 y=2 cur=t3,t2 T=R1.R2.X2.X3.-.-.-.-.-.- s=0 Q=-.-.- M=- R=- C=1 N=0.0.0.0.-.-.-.-.-.- E=-.- B=-.- F=-.-.-/0 P=0 S=0
77 c0 tick | r=0 y=2 cur=t3,Tmr Svc T=R1.R2.R2.X3.-.-.-.-.-.- s=0 Q=-.-.- M=- R=- C=1 N=0.0.0.0.-.-.-.-.-.- E=-.- B=-.- F=-.-.-/0 P=0 S=0
78 c0 tick | r=0 y=2 cur=t3,t1 T=R1.X2.R2.X3.-.-.-.-.-.- s=0 Q=-.-.- M=- R=- C=1 N=0.0.0.0.-.-.-.-.-.- E=-.- B=-.- F=-.-.-/0 P=0 S=0
79 c0 tick | r=0 y=2 cur=t3,t2 T=R1.R2.X2.X3.-.-.-.-.-.- s=0 Q=-.-.- M=- R=- C=1 N=0.0.0.0.-.-.-.-.-.- E=-.- B=-.- F=-.-.-/0 P=0 S=0
80 c0 tick | r=0 y=2 cur=t3,Tmr Svc T=R1.R2.R2.X3.-.-.-.-.-.- s=0 Q=-.-.- M=- R=- C=1 N=0.0.0.0.-.-.-.-.-.- E=-.- B=-.- F=-.-.-/0 P=0 S=0
81 c0 tick | r=0 y=2 cur=t3,t1 T=R1.X2.R2.X3.-.-.-.-.-.- s=0 Q=-.-.- M=- R=- C=1 N=0.0.0.0.-.-.-.-.-.- E=-.- B=-.- F=-.-.-/0 P=0 S=0
82 c0 tick | r=0 y=2 cur=t3,t2 T=R1.R2.X2.X3.-.-.-.-.-.- s=0 Q=-.-.- M=- R=- C=1 N=0.0.0.0.-.-.-.-.-.- E=-.- B=-.- F=-.-.-/0 P=0 S=0
83 c0 tick | r=0 y=2 cur=t3,Tmr Svc T=R1.R2.R2.X3.-.-.-.-.-.- s=0 Q=-.-.- M=- R=- C=1 N=0.0.0.0.-.-.-.-.-.- E=-.- B=-.- F=-.-.-/0 P=0 S=0
84 c0 tick | r=0 y=2 cur=t3,t1 T=R1.X2.R2.X3.-.-.-.-.-.- s=0 Q=-.-.- M=- R=- C=1 N=0.0.0.0.-.-.-.-.-.- E=-.- B=-.- F=-.-.-/0 P=0 S=0
85 c0 tick | r=0 y=2 cur=t3,t2 T=R1.R2.X2.X3.-.-.-.-.-.- s=0 Q=-.-.- M=- R=- C=1 N=0.0.0.0.-.-.-.-.-.- E=-.- B=-.- F=-.-.-/0 P=0 S=0
86 c0 tick | r=0 y=2 cur=t3,Tmr Svc T=R1.R2.R2.X3.-.-.-.-.-.- s=0 Q=-.-.- M=- R=- C=1 N=0.0.0.0.-.-.-.-.-.- E=-.- B=-.- F=-.-.-/0 P=0 S=0
87 c0 tick | r=0 y=2 cur=t3,t1 T=R1.X2.R2.X3.-.-.-.-.-.- s=0 Q=-.-.- M=- R=- C=1 N=0.0.0.0.-.-.-.-.-.- E=-.- B=-.- F=-.-.-/0 P=0 S=0
88 c0 tick | r=0 y=2 cur=t3,t2 T=R1.R2.X2.X3.-.-.-.-.-.- s=0 Q=-.-.- M=- R=- C=1 N=0.0.0.0.-.-.-.-.-.- E=-.- B=-.- F=-.-.-/0 P=0 S=0
89 c0 tick | r=0 y=2 cur=t3,Tmr Svc T=R1.R2.R2.X3.-.-.-.-.-.- s=0 Q=-.-.- M=- R=- C=1 N=0.0.0.0.-.-.-.-.-.- E=-.- B=-.- F=-.-.-/0 P=0 S=0
90 c0 tick | r=0 y=2 cur=t3,t1 T=R1.X2.R2.X3.-.-.-.-.-.- s=0 Q=-.-.- M=- R=- C=1 N=0.0.0.0.-.-.-.-.-.- E=-.- B=-.- F=-.-.-/0 P=0 S=0
91 c0 tick | r=0 y=2 cur=t3,t2 T=R1.R2.X2.X3.-.-.-.-.-.- s=0 Q=-.-.- M=- R=- C=1 N=0.0.0.0.-.-.-.-.-.- E=-.- B=-.- F=-.-.-/0 P=0 S=0
92 c0 tick | r=0 y=2 cur=t3,Tmr Svc T=R1.R2.R2.X3.-.-.-.-.-.- s=0 Q=-.-.- M=- R=- C=1 N=0.0.0.0.-.-.-.-.-.- E=-.- B=-.- F=-.-.-/0 P=0 S=0
93 c0 tick | r=0 y=2 cur=t3,t1 T=R1.X2.R2.X3.-.-.-.-.-.- s=0 Q=-.-.- M=- R=- C=1 N=0.0.0.0.-.-.-.-.-.- E=-.- B=-.- F=-.-.-/0 P=0 S=0
94 c0 tick | r=0 y=2 cur=t3,t2 T=R1.R2.X2.X3.-.-.-.-.-.- s=0 Q=-.-.- M=- R=- C=1 N=0.0.0.0.-.-.-.-.-.- E=-.- B=-.- F=-.-.-/0 P=0 S=0
95 c0 tick | r=0 y=2 cur=t3,Tmr Svc T=R1.R2.R2.X3.-.-.-.-.-.- s=0 Q=-.-.- M=- R=- C=1 N=0.0.0.0.-.-.-.-.-.- E=-.- B=-.- F=-.-.-/0 P=0 S=0
96 c0 tick | r=0 y=2 cur=t3,t1 T=R1.X2.R2.X3.-.-.-.-.-.- s=0 Q=-.-.- M=- R=- C=1 N=0.0.0.0.-.-.-.-.-.- E=-.- B=-.- F=-.-.-/0 P=0 S=0
97 c0 tick | r=0 y=2 cur=t3,t2 T=R1.R2.X2.X3.-.-.-.-.-.- s=0 Q=-.-.- M=- R=- C=1 N=0.0.0.0.-.-.-.-.-.- E=-.- B=-.- F=-.-.-/0 P=0 S=0
98 c0 tick | r=0 y=2 cur=t3,Tmr Svc T=R1.R2.R2.X3.-.-.-.-.-.- s=0 Q=-.-.- M=- R=- C=1 N=0.0.0.0.-.-.-.-.-.- E=-.- B=-.- F=-.-.-/0 P=0 S=0
99 c0 tick | r=0 y=2 cur=t3,t1 T=R1.X2.R2.X3.-.-.-.-.-.- s=0 Q=-.-.- M=- R=- C=1 N=0.0.0.0.-.-.-.-.-.- E=-.- B=-.- F=-.-.-/0 P=0 S=0
100 c0 tick | r=0 y=2 cur=t3,t2 T=R1.R2.X2.X3.-.-.-.-.-.- s=0 Q=-.-.- M=- R=- C=1 N=0.0.0.0.-.-.-.-.-.- E=-.- B=-.- F=-.-.-/0 P=0 S=0
101 c0 tick | r=0 y=2 cur=t3,Tmr Svc T=R1.R2.R2.X3.-.-.-.-.-.- s=0 Q=-.-.- M=- R=- C=1 N=0.0.0.0.-.-.-.-.-.- E=-.- B=-.- F=-.-.-/0 P=0 S=0
102 c0 tick | r=0 y=2 cur=t3,t1 T=R1.X2.R2.X3.-.-.-.-.-.- s=0 Q=-.-.- M=- R=- C=1 N=0.0.0.0.-.-.-.-.-.- E=-.- B=-.- F=-.-.-/0 P=0 S=0
103 c0 tick | r=0 y=2 cur=t3,t2 T=R1.R2.X2.X3.-.-.-.-.-.- s=0 Q=-.-.- M=- R=- C=1 N=0.0.0.0.-.-.-.-.-.- E=-.- B=-.- F=-.-.-/0 P=0 S=0
104 c0 tick | r=0 y=2 cur=t3,Tmr Svc T=R1.R2.R2.X3.-.-.-.-.-.- s=0 Q=-.-.- M=- R=- C=1 N=0.0.0.0.-.-.-.-.-.- E=-.- B=-.- F=-.-.-/0 P=0 S=0
105 c0 tick | r=0 y=2 cur=t3,t1 T=R1.X2.R2.X3.-.-.-.-.-.- s=0 Q=-.-.- M=- R=- C=1 N=0.0.0.0.-.-.-.-.-.- E=-.- B=-.- F=-.-.-/0 P=0 S=0
106 c0 tick | r=0 y=2 cur=t3,t2 T=R1.R2.X2.X3.-.-.-.-.-.- s=0 Q=-.-.- M=- R=- C=1 N=0.0.0.0.-.-.-.-.-.- E=-.- B=-.- F=-.-.-/0 P=0 S=0
107 c0 tick | r=0 y=2 cur=t3,Tmr Svc T=R1.R2.R2.X3.-.-.-.-.-.- s=0 Q=-.-.- M=- R=- C=1 N=0.0.0.0.-.-.-.-.-.- E=-.- B=-.- F=-.-.-/0 P=0 S=0
108 c0 tick | r=0 y=2 cur=t3,t1 T=R1.X2.R2.X3.-.-.-.-.-.- s=0 Q=-.-.- M=- R=- C=1 N=0.0.0.0.-.-.-.-.-.- E=-.- B=-.- F=-.-.-/0 P=0 S=0
109 c0 tick | r=0 y=2 cur=t3,t2 T=R1.R2.X2.X3.-.-.-.-.-.- s=0 Q=-.-.- M=- R=- C=1 N=0.0.0.0.-.-.-.-.-.- E=-.- B=-.- F=-.-.-/0 P=0 S=0
110 c0 tick | r=0 y=2 cur=t3,Tmr Svc T=R1.R2.R2.X3.-.-.-.-.-.- s=0 Q=-.-.- M=- R=- C=1 N=0.0.0.0.-.-.-.-.-.- E=-.- B=-.- F=-.-.-/0 P=0 S=0
111 c0 tick | r=0 y=2 cur=t3,t1 T=R1.X2.R2.X3.-.-.-.-.-.- s=0 Q=-.-.- M=- R=- C=1 N=0.0.0.0.-.-.-.-.-.- E=-.- B=-.- F=-.-.-/0 P=0 S=0
112 c0 tick | r=0 y=2 cur=t3,t2 T=R1.R2.X2.X3.-.-.-.-.-.- s=0 Q=-.-.- M=- R=- C=1 N=0.0.0.0.-.-.-.-.-.- E=-.- B=-.- F=-.-.-/0 P=0 S=0
113 c0 tick | r=0 y=2 cur=t3,Tmr Svc T=R1.R2.R2.X3.-.-.-.-.-.- s=0 Q=-.-.- M=- R=- C=1 N=0.0.0.0.-.-.-.-.-.- E=-.- B=-.- F=-.-.-/0 P=0 S=0
114 c0 tick | r=0 y=2 cur=t3,t1 T=R1.X2.R2.X3.-.-.-.-.-.- s=0 Q=-.-.- M=- R=- C=1 N=0.0.0.0.-.-.-.-.-.- E=-.- B=-.- F=-.-.-/0 P=0 S=0
115 c0 tick | r=0 y=2 cur=t3,t2 T=R1.R2.X2.X3.-.-.-.-.-.- s=0 Q=-.-.- M=- R=- C=1 N=0.0.0.0.-.-.-.-.-.- E=-.- B=-.- F=-.-.-/0 P=0 S=0
116 c0 tick | r=0 y=2 cur=t3,Tmr Svc T=R1.R2.R2.X3.-.-.-.-.-.- s=0 Q=-.-.- M=- R=- C=1 N=0.0.0.0.-.-.-.-.-.- E=-.- B=-.- F=-.-.-/0 P=0 S=0
117 c0 tick | r=0 y=2 cur=t3,t1 T=R1.X2.R2.X3.-.-.-.-.-.- s=0 Q=-.-.- M=- R=- C=1 N=0.0.0.0.-.-.-.-.-.- E=-.- B=-.- F=-.-.-/0 P=0 S=0
118 c0 tick | r=0 y=2 cur=t3,t2 T=R1.R2.X2.X3.-.-.-.-.-.- s=0 Q=-.-.- M=- R=- C=1 N=0.0.0.0.-.-.-.-.-.- E=-.- B=-.- F=-.-.-/0 P=0 S=0
119 c0 tick | r=0 y=2 cur=t3,Tmr Svc T=R1.R2.R2.X3.-.-.-.-.-.- s=0 Q=-.-.- M=- R=- C=1 N=0.0.0.0.-.-.-.-.-.- E=-.- B=-.- F=-.-.-/0 P=0 S=0
120 c0 tick | r=0 y=2 cur=t3,t1 T=R1.X2.R2.X3.-.-.-.-.-.- s=0 Q=-.-.- M=- R=- C=1 N=0.0.0.0.-.-.-.-.-.- E=-.- B=-.- F=-.-.-/0 P=0 S=0
121 c0 tick | r=0 y=2 cur=t3,t2 T=R1.R2.X2.X3.-.-.-.-.-.- s=0 Q=-.-.- M=- R=- C=1 N=0.0.0.0.-.-.-.-.-.- E=-.- B=-.- F=-.-.-/0 P=0 S=0
122 c0 tick | r=0 y=2 cur=t3,Tmr Svc T=R1.R2.R2.X3.-.-.-.-.-.- s=0 Q=-.-.- M=- R=- C=1 N=0.0.0.0.-.-.-.-.-.- E=-.- B=-.- F=-.-.-/0 P=0 S=0
123 c0 tick | r=0 y=2 cur=t3,t1 T=R1.X2.R2.X3.-.-.-.-.-.- s=0 Q=-.-.- M=- R=- C=1 N=0.0.0.0.-.-.-.-.-.- E=-.- B=-.- F=-.-.-/0 P=0 S=0
124 c0 tick | r=0 y=2 cur=t3,t2 T=R1.R2.X2.X3.-.-.-.-.-.- s=0 Q=-.-.- M=- R=- C=1 N=0.0.0.0.-.-.-.-.-.- E=-.- B=-.- F=-.-.-/0 P=0 S=0
125 c0 tick | r=0 y=2 cur=t3,Tmr Svc T=R1.R2.R2.X3.-.-.-.-.-.- s=0 Q=-.-.- M=- R=- C=1 N=0.0.0.0.-.-.-.-.-.- E=-.- B=-.- F=-.-.-/0 P=0 S=0
126 c0 tick | r=0 y=2 cur=t3,t1 T=R1.X2.R2.X3.-.-.-.-.-.- s=0 Q=-.-.- M=- R=- C=1 N=0.0.0.0.-.-.-.-.-.- E=-.- B=-.- F=-.-.-/0 P=0 S=0
127 c0 tick | r=0 y=2 cur=t3,t2 T=R1.R2.X2.X3.-.-.-.-.-.- s=0 Q=-.-.- M=- R=- C=1 N=0.0.0.0.-.-.-.-.-.- E=-.- B=-.- F=-.-.-/0 P=0 S=0
128 c0 tick | r=0 y=2 cur=t3,Tmr Svc T=R1.R2.R2.X3.-.-.-.-.-.- s=0 Q=-.-.- M=- R=- C=1 N=0.0.0.0.-.-.-.-.-.- E=-.- B=-.- F=-.-.-/0 P=0 S=0
129 c0 tick | r=0 y=2 cur=t3,t1 T=R1.X2.R2.X3.-.-.-.-.-.- s=0 Q=-.-.- M=- R=- C=1 N=0.0.0.0.-.-.-.-.-.- E=-.- B=-.- F=-.-.-/0 P=0 S=0
130 c0 tick | r=0 y=2 cur=t3,t2 T=R1.R2.X2.X3.-.-.-.-.-.- s=0 Q=-.-.- M=- R=- C=1 N=0.0.0.0.-.-.-.-.-.- E=-.- B=-.- F=-.-.-/0 P=0 S=0
131 c0 tick | r=0 y=2 cur=t3,Tmr Svc T=R1.R2.R2.X3.-.-.-.-.-.- s=0 Q=-.-.- M=- R=- C=1 N=0.0.0.0.-.-.-.-.-.- E=-.- B=-.- F=-.-.-/0 P=0 S=0
132 c0 tick | r=0 y=2 cur=t3,t1 T=R1.X2.R2.X3.-.-.-.-.-.- s=0 Q=-.-.- M=- R=- C=1 N=0.0.0.0.-.-.-.-.-.- E=-.- B=-.- F=-.-.-/0 P=0 S=0
133 c0 tick | r=0 y=2 cur=t3,t2 T=R1.R2.X2.X3.-.-.-.-.-.- s=0 Q=-.-.- M=- R=- C=1 N=0.0.0.0.-.-.-.-.-.- E=-.- B=-.- F=-.-.-/0 P=0 S=0
134 c0 tick | r=0 y=2 cur=t3,Tmr Svc T=R1.R2.R2.X3.-.-.-.-.-.- s=0 Q=-.-.- M=- R=- C=1 N=0.0.0.0.-.-.-.-.-.- E=-.- B=-.- F=-.-.-/0 P=0 S=0
135 c0 tick | r=0 y=2 cur=t3,t1 T=R1.X2.R2.X3.-.-.-.-.-.- s=0 Q=-.-.- M=- R=- C=1 N=0.0.0.0.-.-.-.-.-.- E=-.- B=-.- F=-.-.-/0 P=0 S=0
136 c0 tick | r=0 y=2 cur=t3,t2 T=R1.R2.X2.X3.-.-.-.-.-.- s=0 Q=-.-.- M=- R=- C=1 N=0.0.0.0.-.-.-.-.-.- E=-.- B=-.- F=-.-.-/0 P=0 S=0
137 c0 tick | r=0 y=2 cur=t3,Tmr Svc T=R1.R2.R2.X3.-.-.-.-.-.- s=0 Q=-.-.- M=- R=- C=1 N=0.0.0.0.-.-.-.-.-.- E=-.- B=-.- F=-.-.-/0 P=0 S=0
138 c0 tick | r=0 y=2 cur=t3,t1 T=R1.X2.R2.X3.-.-.-.-.-.- s=0 Q=-.-.- M=- R=- C=1 N=0.0.0.0.-.-.-.-.-.- E=-.- B=-.- F=-.-.-/0 P=0 S=0
139 c0 tick | r=0 y=2 cur=t3,t2 T=R1.R2.X2.X3.-.-.-.-.-.- s=0 Q=-.-.- M=- R=- C=1 N=0.0.0.0.-.-.-.-.-.- E=-.- B=-.- F=-.-.-/0 P=0 S=0
140 c0 tick | r=0 y=2 cur=t3,Tmr Svc T=R1.R2.R2.X3.-.-.-.-.-.- s=0 Q=-.-.- M=- R=- C=1 N=0.0.0.0.-.-.-.-.-.- E=-.- B=-.- F=-.-.-/0 P=0 S=0
141 c0 tick | r=0 y=2 cur=t3,t1 T=R1.X2.R2.X3.-.-.-.-.-.- s=0 Q=-.-.- M=- R=- C=1 N=0.0.0.0.-.-.-.-.-.- E=-.- B=-.- F=-.-.-/0 P=0 S=0
142 c0 tick | r=0 y=2 cur=t3,t2 T=R1.R2.X2.X3.-.-.-.-.-.- s=0 Q=-.-.- M=- R=- C=1 N=0.0.0.0.-.-.-.-.-.- E=-.- B=-.- F=-.-.-/0 P=0 S=0
143 c0 tick | r=0 y=2 cur=t3,Tmr Svc T=R1.R2.R2.X3.-.-.-.-.-.- s=0 Q=-.-.- M=- R=- C=1 N=0.0.0.0.-.-.-.-.-.- E=-.- B=-.- F=-.-.-/0 P=0 S=0
144 c0 tick | r=0 y=2 cur=t3,t1 T=R1.X2.R2.X3.-.-.-.-.-.- s=0 Q=-.-.- M=- R=- C=1 N=0.0.0.0.-.-.-.-.-.- E=-.- B=-.- F=-.-.-/0 P=0 S=0
145 c0 tick | r=0 y=2 cur=t3,t2 T=R1.R2.X2.X3.-.-.-.-.-.- s=0 Q=-.-.- M=- R=- C=1 N=0.0.0.0.-.-.-.-.-.- E=-.- B=-.- F=-.-.-/0 P=0 S=0
146 c0 tick | r=0 y=2 cur=t3,Tmr Svc T=R1.R2.R2.X3.-.-.-.-.-.- s=0 Q=-.-.- M=- R=- C=1 N=0.0.0.0.-.-.-.-.-.- E=-.- B=-.- F=-.-.-/0 P=0 S=0
147 c0 tick | r=0 y=2 cur=t3,t1 T=R1.X2.R2.X3.-.-.-.-.-.- s=0 Q=-.-.- M=- R=- C=1 N=0.0.0.0.-.-.-.-.-.- E=-.- B=-.- F=-.-.-/0 P=0 S=0
148 c0 tick | r=0 y=2 cur=t3,t2 T=R1.R2.X2.X3.-.-.-.-.-.- s=0 Q=-.-.- M=- R=- C=1 N=0.0.0.0.-.-.-.-.-.- E=-.- B=-.- F=-.-.-/0 P=0 S=0
149 c0 tick | r=0 y=2 cur=t3,Tmr Svc T=R1.R2.R2.X3.-.-.-.-.-.- s=0 Q=-.-.- M=- R=- C=1 N=0.0.0.0.-.-.-.-.-.- E=-.- B=-.- F=-.-.-/0 P=0 S=0
150 c0 tick | r=0 y=2 cur=t3,t1 T=R1.X2.R2.X3.-.-.-.-.-.- s=0 Q=-.-.- M=- R=- C=1 N=0.0.0.0.-.-.-.-.-.- E=-.- B=-.- F=-.-.-/0 P=0 S=0
151 c0 tick | r=0 y=2 cur=t3,t2 T=R1.R2.X2.X3.-.-.-.-.-.- s=0 Q=-.-.- M=- R=- C=1 N=0.0.0.0.-.-.-.-.-.- E=-.- B=-.- F=-.-.-/0 P=0 S=0
152 c0 tick | r=0 y=2 cur=t3,Tmr Svc T=R1.R2.R2.X3.-.-.-.-.-.- s=0 Q=-.-.- M=- R=- C=1 N=0.0.0.0.-.-.-.-.-.- E=-.- B=-.- F=-.-.-/0 P=0 S=0
153 c0 tick | r=0 y=2 cur=t3,t1 T=R1.X2.R2.X3.-.-.-.-.-.- s=0 Q=-.-.- M=- R=- C=1 N=0.0.0.0.-.-.-.-.-.- E=-.- B=-.- F=-.-.-/0 P=0 S=0
154 c0 tick | r=0 y=2 cur=t3,t2 T=R1.R2.X2.X3.-.-.-.-.-.- s=0 Q=-.-.- M=- R=- C=1 N=0.0.0.0.-.-.-.-.-.- E=-.- B=-.- F=-.-.-/0 P=0 S=0
155 c0 tick | r=0 y=2 cur=t3,Tmr Svc T=R1.R2.R2.X3.-.-.-.-.-.- s=0 Q=-.-.- M=- R=- C=1 N=0.0.0.0.-.-.-.-.-.- E=-.- B=-.- F=-.-.-/0 P=0 S=0
156 c0 tick | r=0 y=2 cur=t3,t1 T=R1.X2.R2.X3.-.-.-.-.-.- s=0 Q=-.-.- M=- R=- C=1 N=0.0.0.0.-.-.-.-.-.- E=-.- B=-.- F=-.-.-/0 P=0 S=0
157 c0 tick | r=0 y=2 cur=t3,t2 T=R1.R2.X2.X3.-.-.-.-.-.- s=0 Q=-.-.- M=- R=- C=1 N=0.0.0.0.-.-.-.-.-.- E=-.- B=-.- F=-.-.-/0 P=0 S=0
158 c0 tick | r=0 y=2 cur=t3,Tmr Svc T=R1.R2.R2.X3.-.-.-.-.-.- s=0 Q=-.-.- M=- R=- C=1 N=0.0.0.0.-.-.-.-.-.- E=-.- B=-.- F=-.-.-/0 P=0 S=0
159 c0 tick | r=0 y=2 cur=t3,t1 T=R1.X2.R2.X3.-.-.-.-.-.- s=0 Q=-.-.- M=- R=- C=1 N=0.0.0.0.-.-.-.-.-.- E=-.- B=-.- F=-.-.-/0 P=0 S=0
160 c0 tick | r=0 y=2 cur=t3,t2 T=R1.R2.X2.X3.-.-.-.-.-.- s=0 Q=-.-.- M=- R=- C=1 N=0.0.0.0.-.-.-.-.-.- E=-.- B=-.- F=-.-.-/0 P=0 S=0
161 c0 tick | r=0 y=2 cur=t3,Tmr Svc T=R1.R2.R2.X3.-.-.-.-.-.- s=0 Q=-.-.- M=- R=- C=1 N=0.0.0.0.-.-.-.-.-.- E=-.- B=-.- F=-.-.-/0 P=0 S=0
162 c0 tick | r=0 y=2 cur=t3,t1 T=R1.X2.R2.X3.-.-.-.-.-.- s=0 Q=-.-.- M=- R=- C=1 N=0.0.0.0.-.-.-.-.-.- E=-.- B=-.- F=-.-.-/0 P=0 S=0
163 c0 tick | r=0 y=2 cur=t3,t2 T=R1.R2.X2.X3.-.-.-.-.-.- s=0 Q=-.-.- M=- R=- C=1 N=0.0.0.0.-.-.-.-.-.- E=-.- B=-.- F=-.-.-/0 P=0 S=0
164 c0 tick | r=0 y=2 cur=t3,Tmr Svc T=R1.R2.R2.X3.-.-.-.-.-.- s=0 Q=-.-.- M=- R=- C=1 N=0.0.0.0.-.-.-.-.-.- E=-.- B=-.- F=-.-.-/0 P=0 S=0
165 c0 tick | r=0 y=2 cur=t3,t1 T=R1.X2.R2.X3.-.-.-.-.-.- s=0 Q=-.-.- M=- R=- C=1 N=0.0.0.0.-.-.-.-.-.- E=-.- B=-.- F=-.-.-/0 P=0 S=0
166 c0 tick | r=0 y=2 cur=t3,t2 T=R1.R2.X2.X3.-.-.-.-.-.- s=0 Q=-.-.- M=- R=- C=1 N=0.0.0.0.-.-.-.-.-.- E=-.- B=-.- F=-.-.-/0 P=0 S=0
167 c0 tick | r=0 y=2 cur=t3,Tmr Svc T=R1.R2.R2.X3.-.-.-.-.-.- s=0 Q=-.-.- M=- R=- C=1 N=0.0.0.0.-.-.-.-.-.- E=-.- B=-.- F=-.-.-/0 P=0 S=0
168 c0 tick | r=0 y=2 cur=t3,t1 T=R1.X2.R2.X3.-.-.-.-.-.- s=0 Q=-.-.- M=- R=- C=1 N=0.0.0.0.-.-.-.-.-.- E=-.- B=-.- F=-.-.-/0 P=0 S=0
169 c0 tick | r=0 y=2 cur=t3,t2 T=R1.R2.X2.X3.-.-.-.-.-.- s=0 Q=-.-.- M=- R=- C=1 N=0.0.0.0.-.-.-.-.-.- E=-.- B=-.- F=-.-.-/0 P=0 S=0
170 c0 tick | r=0 y=2 cur=t3,Tmr Svc T=R1.R2.R2.X3.-.-.-.-.-.- s=0 Q=-.-.- M=- R=- C=1 N=0.0.0.0.-.-.-.-.-.- E=-.- B=-.- F=-.-.-/0 P=0 S=0
171 c0 tick | r=0 y=2 cur=t3,t1 T=R1.X2.R2.X3.-.-.-.-.-.- s=0 Q=-.-.- M=- R=- C=1 N=0.0.0.0.-.-.-.-.-.- E=-.- B=-.- F=-.-.-/0 P=0 S=0
172 c0 tick | r=0 y=2 cur=t3,t2 T=R1.R2.X2.X3.-.-.-.-.-.- s=0 Q=-.-.- M=- R=- C=1 N=0.0.0.0.-.-.-.-.-.- E=-.- B=-.- F=-.-.-/0 P=0 S=0
173 c0 tick | r=0 y=2 cur=t3,Tmr Svc T=R1.R2.R2.X3.-.-.-.-.-.- s=0 Q=-.-.- M=- R=- C=1 N=0.0.0.0.-.-.-.-.-.- E=-.- B=-.- F=-.-.-/0 P=0 S=0
174 c0 tick | r=0 y=2 cur=t3,t1 T=R1.X2.R2.X3.-.-.-.-.-.- s=0 Q=-.-.- M=- R=- C=1 N=0.0.0.0.-.-.-.-.-.- E=-.- B=-.- F=-.-.-/0 P=0 S=0
175 c0 tick | r=0 y=2 cur=t3,t2 T=R1.R2.X2.X3.-.-.-.-.-.- s=0 Q=-.-.- M=- R=- C=1 N=0.0.0.0.-.-.-.-.-.- E=-.- B=-.- F=-.-.-/0 P=0 S=0
176 c0 tick | r=0 y=2 cur=t3,Tmr Svc T=R1.R2.R2.X3.-.-.-.-.-.- s=0 Q=-.-.- M=- R=- C=1 N=0.0.0.0.-.-.-.-.-.- E=-.- B=-.- F=-.-.-/0 P=0 S=0
177 c0 tick | r=0 y=2 cur=t3,t1 T=R1.X2.R2.X3.-.-.-.-.-.- s=0 Q=-.-.- M=- R=- C=1 N=0.0.0.0.-.-.-.-.-.- E=-.- B=-.- F=-.-.-/0 P=0 S=0
178 c0 tick | r=0 y=2 cur=t3,t2 T=R1.R2.X2.X3.-.-.-.-.-.- s=0 Q=-.-.- M=- R=- C=1 N=0.0.0.0.-.-.-.-.-.- E=-.- B=-.- F=-.-.-/0 P=0 S=0
179 c0 tick | r=0 y=2 cur=t3,Tmr Svc T=R1.R2.R2.X3.-.-.-.-.-.- s=0 Q=-.-.- M=- R=- C=1 N=0.0.0.0.-.-.-.-.-.- E=-.- B=-.- F=-.-.-/0 P=0 S=0
180 c0 tick | r=0 y=2 cur=t3,t1 T=R1.X2.R2.X3.-.-.-.-.-.- s=0 Q=-.-.- M=- R=- C=1 N=0.0.0.0.-.-.-.-.-.- E=-.- B=-.- F=-.-.-/0 P=0 S=0
181 c0 tick | r=0 y=2 cur=t3,t2 T=R1.R2.X2.X3.-.-.-.-.-.- s=0 Q=-.-.- M=- R=- C=1 N=0.0.0.0.-.-.-.-.-.- E=-.- B=-.- F=-.-.-/0 P=0 S=0
182 c0 tick | r=0 y=2 cur=t3,Tmr Svc T=R1.R2.R2.X3.-.-.-.-.-.- s=0 Q=-.-.- M=- R=- C=1 N=0.0.0.0.-.-.-.-.-.- E=-.- B=-.- F=-.-.-/0 P=0 S=0
183 c0 tick | r=0 y=2 cur=t3,t1 T=R1.X2.R2.X3.-.-.-.-.-.- s=0 Q=-.-.- M=- R=- C=1 N=0.0.0.0.-.-.-.-.-.- E=-.- B=-.- F=-.-.-/0 P=0 S=0
184 c0 tick | r=0 y=2 cur=t3,t2 T=R1.R2.X2.X3.-.-.-.-.-.- s=0 Q=-.-.- M=- R=- C=1 N=0.0.0.0.-.-.-.-.-.- E=-.- B=-.- F=-.-.-/0 P=0 S=0
185 c0 tick | r=0 y=2 cur=t3,Tmr Svc T=R1.R2.R2.X3.-.-.-.-.-.- s=0 Q=-.-.- M=- R=- C=1 N=0.0.0.0.-.-.-.-.-.- E=-.- B=-.- F=-.-.-/0 P=0 S=0
186 c0 tick | r=0 y=2 cur=t3,t1 T=R1.X2.R2.X3.-.-.-.-.-.- s=0 Q=-.-.- M=- R=- C=1 N=0.0.0.0.-.-.-.-.-.- E=-.- B=-.- F=-.-.-/0 P=0 S=0
187 c0 tick | r=0 y=2 cur=t3,t2 T=R1.R2.X2.X3.-.-.-.-.-.- s=0 Q=-.-.- M=- R=- C=1 N=0.0.0.0.-.-.-.-.-.- E=-.- B=-.- F=-.-.-/0 P=0 S=0
188 c0 tick | r=0 y=2 cur=t3,Tmr Svc T=R1.R2.R2.X3.-.-.-.-.-.- s=0 Q=-.-.- M=- R=- C=1 N=0.0.0.0.-.-.-.-.-.- E=-.- B=-.- F=-.-.-/0 P=0 S=0
189 c0 tick | r=0 y=2 cur=t3,t1 T=R1.X2.R2.X3.-.-.-.-.-.- s=0 Q=-.-.- M=- R=- C=1 N=0.0.0.0.-.-.-.-.-.- E=-.- B=-.- F=-.-.-/0 P=0 S=0
190 c0 tick | r=0 y=2 cur=t3,t2 T=R1.R2.X2.X3.-.-.-.-.-.- s=0 Q=-.-.- M=- R=- C=1 N=0.0.0.0.-.-.-.-.-.- E=-.- B=-.- F=-.-.-/0 P=0 S=0
191 c0 tick | r=0 y=2 cur=t3,Tmr Svc T=R1.R2.R2.X3.-.-.-.-.-.- s=0 Q=-.-.- M=- R=- C=1 N=0.0.0.0.-.-.-.-.-.- E=-.- B=-.- F=-.-.-/0 P=0 S=0
192 c0 tick | r=0 y=2 cur=t3,t1 T=R1.X2.R2.X3.-.-.-.-.-.- s=0 Q=-.-.- M=- R=- C=1 N=0.0.0.0.-.-.-.-.-.- E=-.- B=-.- F=-.-.-/0 P=0 S=0
193 c0 tick | r=0 y=2 cur=t3,t2 T=R1.R2.X2.X3.-.-.-.-.-.- s=0 Q=-.-.- M=- R=- C=1 N=0.0.0.0.-.-.-.-.-.- E=-.- B=-.- F=-.-.-/0 P=0 S=0
194 c0 tick | r=0 y=2 cur=t3,Tmr Svc T=R1.R2.R2.X3.-.-.-.-.-.- s=0 Q=-.-.- M=- R=- C=1 N=0.0.0.0.-.-.-.-.-.- E=-.- B=-.- F=-.-.-/0 P=0 S=0
195 c0 tick | r=0 y=2 cur=t3,t1 T=R1.X2.R2.X3.-.-.-.-.-.- s=0 Q=-.-.- M=- R=- C=1 N=0.0.0.0.-.-.-.-.-.- E=-.- B=-.- F=-.-.-/0 P=0 S=0
196 c0 tick | r=0 y=2 cur=t3,t2 T=R1.R2.X2.X3.-.-.-.-.-.- s=0 Q=-.-.- M=- R=- C=1 N=0.0.0.0.-.-.-.-.-.- E=-.- B=-.- F=-.-.-/0 P=0 S=0
197 c0 tick | r=0 y=2 cur=t3,Tmr Svc T=R1.R2.R2.X3.-.-.-.-.-.- s=0 Q=-.-.- M=- R=- C=1 N=0.0.0.0.-.-.-.-.-.- E=-.- B=-.- F=-.-.-/0 P=0 S=0
198 c0 tick | r=0 y=2 cur=t3,t1 T=R1.X2.R2.X3.-.-.-.-.-.- s=0 Q=-.-.- M=- R=- C=1 N=0.0.0.0.-.-.-.-.-.- E=-.- B=-.- F=-.-.-/0 P=0 S=0
199 c0 tick | r=0 y=2 cur=t3,t2 T=R1.R2.X2.X3.-.-.-.-.-.- s=0 Q=-.-.- M=- R=- C=1 N=0.0.0.0.-.-.-.-.-.- E=-.- B=-.- F=-.-.-/0 P=0 S=0
200 c0 tick | r=0 y=2 cur=t3,Tmr Svc T=R1.R2.R2.X3.-.-.-.-.-.- s=0 Q=-.-.- M=- R=- C=1 N=0.0.0.0.-.-.-.-.-.- E=-.- B=-.- F=-.-.-/0 P=0 S=0
201 c0 tick | r=0 y=2 cur=t3,t1 T=R1.X2.R2.X3.-.-.-.-.-.- s=0 Q=-.-.- M=- R=- C=1 N=0.0.0.0.-.-.-.-.-.- E=-.- B=-.- F=-.-.-/0 P=0 S=0
202 c0 tick | r=0 y=2 cur=t3,t2 T=R1.R2.X2.X3.-.-.-.-.-.- s=0 Q=-.-.- M=- R=- C=1 N=0.0.0.0.-.-.-.-.-.- E=-.- B=-.- F=-.-.-/0 P=0 S=0
203 c0 tick | r=0 y=2 cur=t3,Tmr Svc T=R1.R2.R2.X3.-.-.-.-.-.- s=0 Q=-.-.- M=- R=- C=1 N=0.0.0.0.-.-.-.-.-.- E=-.- B=-.- F=-.-.-/0 P=0 S=0
204 c0 tick | r=0 y=2 cur=t3,t1 T=R1.X2.R2.X3.-.-.-.-.-.- s=0 Q=-.-.- M=- R=- C=1 N=0.0.0.0.-.-.-.-.-.- E=-.- B=-.- F=-.-.-/0 P=0 S=0
205 c0 tick | r=0 y=2 cur=t3,t2 T=R1.R2.X2.X3.-.-.-.-.-.- s=0 Q=-.-.- M=- R=- C=1 N=0.0.0.0.-.-.-.-.-.- E=-.- B=-.- F=-.-.-/0 P=0 S=0
206 c0 tick | r=0 y=2 cur=t3,Tmr Svc T=R1.R2.R2.X3.-.-.-.-.-.- s=0 Q=-.-.- M=- R=- C=1 N=0.0.0.0.-.-.-.-.-.- E=-.- B=-.- F=-.-.-/0 P=0 S=0
207 c0 tick | r=0 y=2 cur=t3,t1 T=R1.X2.R2.X3.-.-.-.-.-.- s=0 Q=-.-.- M=- R=- C=1 N=0.0.0.0.-.-.-.-.-.- E=-.- B=-.- F=-.-.-/0 P=0 S=0
208 c0 tick | r=0 y=2 cur=t3,t2 T=R1.R2.X2.X3.-.-.-.-.-.- s=0 Q=-.-.- M=- R=- C=1 N=0.0.0.0.-.-.-.-.-.- E=-.- B=-.- F=-.-.-/0 P=0 S=0
209 c0 tick | r=0 y=2 cur=t3,Tmr Svc T=R1.R2.R2.X3.-.-.-.-.-.- s=0 Q=-.-.- M=- R=- C=1 N=0.0.0.0.-.-.-.-.-.- E=-.- B=-.- F=-.-.-/0 P=0 S=0
210 c0 tick | r=0 y=2 cur=t3,t1 T=R1.X2.R2.X3.-.-.-.-.-.- s=0 Q=-.-.- M=- R=- C=1 N=0.0.0.0.-.-.-.-.-.- E=-.- B=-.- F=-.-.-/0 P=0 S=0
211 c0 tick | r=0 y=2 cur=t3,t2 T=R1.R2.X2.X3.-.-.-.-.-.- s=0 Q=-.-.- M=- R=- C=1 N=0.0.0.0.-.-.-.-.-.- E=-.- B=-.- F=-.-.-/0 P=0 S=0
212 c0 tick | r=0 y=2 cur=t3,Tmr Svc T=R1.R2.R2.X3.-.-.-.-.-.- s=0 Q=-.-.- M=- R=- C=1 N=0.0.0.0.-.-.-.-.-.- E=-.- B=-.- F=-.-.-/0 P=0 S=0
213 c0 tick | r=0 y=2 cur=t3,t1 T=R1.X2.R2.X3.-.-.-.-.-.- s=0 Q=-.-.- M=- R=- C=1 N=0.0.0.0.-.-.-.-.-.- E=-.- B=-.- F=-.-.-/0 P=0 S=0
214 c0 tick | r=0 y=2 cur=t3,t2 T=R1.R2.X2.X3.-.-.-.-.-.- s=0 Q=-.-.- M=- R=- C=1 N=0.0.0.0.-.-.-.-.-.- E=-.- B=-.- F=-.-.-/0 P=0 S=0
215 c0 tick | r=0 y=2 cur=t3,Tmr Svc T=R1.R2.R2.X3.-.-.-.-.-.- s=0 Q=-.-.- M=- R=- C=1 N=0.0.0.0.-.-.-.-.-.- E=-.- B=-.- F=-.-.-/0 P=0 S=0
216 c0 tick | r=0 y=2 cur=t3,t1 T=R1.X2.R2.X3.-.-.-.-.-.- s=0 Q=-.-.- M=- R=- C=1 N=0.0.0.0.-.-.-.-.-.- E=-.- B=-.- F=-.-.-/0 P=0 S=0
217 c0 tick | r=0 y=2 cur=t3,t2 T=R1.R2.X2.X3.-.-.-.-.-.- s=0 Q=-.-.- M=- R=- C=1 N=0.0.0.0.-.-.-.-.-.- E=-.- B=-.- F=-.-.-/0 P=0 S=0
218 c0 tick | r=0 y=2 cur=t3,Tmr Svc T=R1.R2.R2.X3.-.-.-.-.-.- s=0 Q=-.-.- M=- R=- C=1 N=0.0.0.0.-.-.-.-.-.- E=-.- B=-.- F=-.-.-/0 P=0 S=0
219 c0 tick | r=0 y=2 cur=t3,t1 T=R1.X2.R2.X3.-.-.-.-.-.- s=0 Q=-.-.- M=- R=- C=1 N=0.0.0.0.-.-.-.-.-.- E=-.- B=-.- F=-.-.-/0 P=0 S=0
220 c0 tick | r=0 y=2 cur=t3,t2 T=R1.R2.X2.X3.-.-.-.-.-.- s=0 Q=-.-.- M=- R=- C=1 N=0.0.0.0.-.-.-.-.-.- E=-.- B=-.- F=-.-.-/0 P=0 S=0
221 c0 tick | r=0 y=2 cur=t3,Tmr Svc T=R1.R2.R2.X3.-.-.-.-.-.- s=0 Q=-.-.- M=- R=- C=1 N=0.0.0.0.-.-.-.-.-.- E=-.- B=-.- F=-.-.-/0 P=0 S=0
222 c0 tick | r=0 y=2 cur=t3,t1 T=R1.X2.R2.X3.-.-.-.-.-.- s=0 Q=-.-.- M=- R=- C=1 N=0.0.0.0.-.-.-.-.-.- E=-.- B=-.- F=-.-.-/0 P=0 S=0
223 c0 tick | r=0 y=2 cur=t3,t2 T=R1.R2.X2.X3.-.-.-.-.-.- s=0 Q=-.-.- M=- R=- C=1 N=0.0.0.0.-.-.-.-.-.- E=-.- B=-.- F=-.-.-/0 P=0 S=0
224 c0 tick | r=0 y=2 cur=t3,Tmr Svc T=R1.R2.R2.X3.-.-.-.-.-.- s=0 Q=-.-.- M=- R=- C=1 N=0.0.0.0.-.-.-.-.-.- E=-.- B=-.- F=-.-.-/0 P=0 S=0
225 c0 tick | r=0 y=2 cur=t3,t1 T=R1.X2.R2.X3.-.-.-.-.-.- s=0 Q=-.-.- M=- R=- C=1 N=0.0.0.0.-.-.-.-.-.- E=-.- B=-.- F=-.-.-/0 P=0 S=0
226 c0 tick | r=0 y=2 cur=t3,t2 T=R1.R2.X2.X3.-.-.-.-.-.- s=0 Q=-.-.- M=- R=- C=1 N=0.0.0.0.-.-.-.-.-.- E=-.- B=-.- F=-.-.-/0 P=0 S=0
227 c0 tick | r=0 y=2 cur=t3,Tmr Svc T=R1.R2.R2.X3.-.-.-.-.-.- s=0 Q=-.-.- M=- R=- C=1 N=0.0.0.0.-.-.-.-.-.- E=-.- B=-.- F=-.-.-/0 P=0 S=0
228 c0 tick | r=0 y=2 cur=t3,t1 T=R1.X2.R2.X3.-.-.-.-.-.- s=0 Q=-.-.- M=- R=- C=1 N=0.0.0.0.-.-.-.-.-.- E=-.- B=-.- F=-.-.-/0 P=0 S=0
229 c0 tick | r=0 y=2 cur=t3,t2 T=R1.R2.X2.X3.-.-.-.-.-.- s=0 Q=-.-.- M=- R=- C=1 N=0.0.0.0.-.-.-.-.-.- E=-.- B=-.- F=-.-.-/0 P=0 S=0
230 c0 tick | r=0 y=2 cur=t3,Tmr Svc T=R1.R2.R2.X3.-.-.-.-.-.- s=0 Q=-.-.- M=- R=- C=1 N=0.0.0.0.-.-.-.-.-.- E=-.- B=-.- F=-.-.-/0 P=0 S=0
231 c0 tick | r=0 y=2 cur=t3,t1 T=R1.X2.R2.X3.-.-.-.-.-.- s=0 Q=-.-.- M=- R=- C=1 N=0.0.0.0.-.-.-.-.-.- E=-.- B=-.- F=-.-.-/0 P=0 S=0
232 c0 tick | r=0 y=2 cur=t3,t2 T=R1.R2.X2.X3.-.-.-.-.-.- s=0 Q=-.-.- M=- R=- C=1 N=0.0.0.0.-.-.-.-.-.- E=-.- B=-.- F=-.-.-/0 P=0 S=0
233 c0 tick | r=0 y=2 cur=t3,Tmr Svc T=R1.R2.R2.X3.-.-.-.-.-.- s=0 Q=-.-.- M=- R=- C=1 N=0.0.0.0.-.-.-.-.-.- E=-.- B=-.- F=-.-.-/0 P=0 S=0
234 c0 tick | r=0 y=2 cur=t3,t1 T=R1.X2.R2.X3.-.-.-.-.-.- s=0 Q=-.-.- M=- R=- C=1 N=0.0.0.0.-.-.-.-.-.- E=-.- B=-.- F=-.-.-/0 P=0 S=0
235 c0 tick | r=0 y=2 cur=t3,t2 T=R1.R2.X2.X3.-.-.-.-.-.- s=0 Q=-.-.- M=- R=- C=1 N=0.0.0.0.-.-.-.-.-.- E=-.- B=-.- F=-.-.-/0 P=0 S=0
236 c0 tick | r=0 y=2 cur=t3,Tmr Svc T=R1.R2.R2.X3.-.-.-.-.-.- s=0 Q=-.-.- M=- R=- C=1 N=0.0.0.0.-.-.-.-.-.- E=-.- B=-.- F=-.-.-/0 P=0 S=0
237 c0 tick | r=0 y=2 cur=t3,t1 T=R1.X2.R2.X3.-.-.-.-.-.- s=0 Q=-.-.- M=- R=- C=1 N=0.0.0.0.-.-.-.-.-.- E=-.- B=-.- F=-.-.-/0 P=0 S=0
238 c0 tick | r=0 y=2 cur=t3,t2 T=R1.R2.X2.X3.-.-.-.-.-.- s=0 Q=-.-.- M=- R=- C=1 N=0.0.0.0.-.-.-.-.-.- E=-.- B=-.- F=-.-.-/0 P=0 S=0
239 c0 tick | r=0 y=2 cur=t3,Tmr Svc T=R1.R2.R2.X3.-.-.-.-.-.- s=0 Q=-.-.- M=- R=- C=1 N=0.0.0.0.-.-.-.-.-.- E=-.- B=-.- F=-.-.-/0 P=0 S=0
240 c0 tick | r=0 y=2 cur=t3,t1 T=R1.X2.R2.X3.-.-.-.-.-.- s=0 Q=-.-.- M=- R=- C=1 N=0.0.0.0.-.-.-.-.-.- E=-.- B=-.- F=-.-.-/0 P=0 S=0
241 c0 tick | r=0 y=2 cur=t3,t2 T=R1.R2.X2.X3.-.-.-.-.-.- s=0 Q=-.-.- M=- R=- C=1 N=0.0.0.0.-.-.-.-.-.- E=-.- B=-.- F=-.-.-/0 P=0 S=0
242 c0 tick | r=0 y=2 cur=t3,Tmr Svc T=R1.R2.R2.X3.-.-.-.-.-.- s=0 Q=-.-.- M=- R=- C=1 N=0.0.0.0.-.-.-.-.-.- E=-.- B=-.- F=-.-.-/0 P=0 S=0
243 c0 tick | r=0 y=2 cur=t3,t1 T=R1.X2.R2.X3.-.-.-.-.-.- s=0 Q=-.-.- M=- R=- C=1 N=0.0.0.0.-.-.-.-.-.- E=-.- B=-.- F=-.-.-/0 P=0 S=0
244 c0 tick | r=0 y=2 cur=t3,t2 T=R1.R2.X2.X3.-.-.-.-.-.- s=0 Q=-.-.- M=- R=- C=1 N=0.0.0.0.-.-.-.-.-.- E=-.- B=-.- F=-.-.-/0 P=0 S=0
245 c0 tick | r=0 y=2 cur=t3,Tmr Svc T=R1.R2.R2.X3.-.-.-.-.-.- s=0 Q=-.-.- M=- R=- C=1 N=0.0.0.0.-.-.-.-.-.- E=-.- B=-.- F=-.-.-/0 P=0 S=0
246 c0 tick | r=0 y=2 cur=t3,t1 T=R1.X2.R2.X3.-.-.-.-.-.- s=0 Q=-.-.- M=- R=- C=1 N=0.0.0.0.-.-.-.-.-.- E=-.- B=-.- F=-.-.-/0 P=0 S=0
247 c0 tick | r=0 y=2 cur=t3,t2 T=R1.R2.X2.X3.-.-.-.-.-.- s=0 Q=-.-.- M=- R=- C=1 N=0.0.0.0.-.-.-.-.-.- E=-.- B=-.- F=-.-.-/0 P=0 S=0
248 c0 tick | r=0 y=2 cur=t3,Tmr Svc T=R1.R2.R2.X3.-.-.-.-.-.- s=0 Q=-.-.- M=- R=- C=1 N=0.0.0.0.-.-.-.-.-.- E=-.- B=-.- F=-.-.-/0 P=0 S=0
249 c0 tick | r=0 y=2 cur=t3,t1 T=R1.X2.R2.X3.-.-.-.-.-.- s=0 Q=-.-.- M=- R=- C=1 N=0.0.0.0.-.-.-.-.-.- E=-.- B=-.- F=-.-.-/0 P=0 S=0
250 c0 tick | r=0 y=2 cur=t3,t2 T=R1.R2.X2.X3.-.-.-.-.-.- s=0 Q=-.-.- M=- R=- C=1 N=0.0.0.0.-.-.-.-.-.- E=-.- B=-.- F=-.-.-/0 P=0 S=0
251 c0 tick | r=0 y=2 cur=t3,Tmr Svc T=R1.R2.R2.X3.-.-.-.-.-.- s=0 Q=-.-.- M=- R=- C=1 N=0.0.0.0.-.-.-.-.-.- E=-.- B=-.- F=-.-.-/0 P=0 S=0
252 c0 tick | r=0 y=2 cur=t3,t1 T=R1.X2.R2.X3.-.-.-.-.-.- s=0 Q=-.-.- M=- R=- C=1 N=0.0.0.0.-.-.-.-.-.- E=-.- B=-.- F=-.-.-/0 P=0 S=0
253 c0 tick | r=0 y=2 cur=t3,t2 T=R1.R2.X2.X3.-.-.-.-.-.- s=0 Q=-.-.- M=- R=- C=1 N=0.0.0.0.-.-.-.-.-.- E=-.- B=-.- F=-.-.-/0 P=0 S=0
254 c0 tick | r=0 y=2 cur=t3,Tmr Svc T=R1.R2.R2.X3.-.-.-.-.-.- s=0 Q=-.-.- M=- R=- C=1 N=0.0.0.0.-.-.-.-.-.- E=-.- B=-.- F=-.-.-/0 P=0 S=0
255 c0 tick | r=0 y=2 cur=t3,t1 T=R1.X2.R2.X3.-.-.-.-.-.- s=0 Q=-.-.- M=- R=- C=1 N=0.0.0.0.-.-.-.-.-.- E=-.- B=-.- F=-.-.-/0 P=0 S=0
256 c0 tick | r=0 y=2 cur=t3,t2 T=R1.R2.X2.X3.-.-.-.-.-.- s=0 Q=-.-.- M=- R=- C=1 N=0.0.0.0.-.-.-.-.-.- E=-.- B=-.- F=-.-.-/0 P=0 S=0
257 c0 tick | r=0 y=2 cur=t3,Tmr Svc T=R1.R2.R2.X3.-.-.-.-.-.- s=0 Q=-.-.- M=- R=- C=1 N=0.0.0.0.-.-.-.-.-.- E=-.- B=-.- F=-.-.-/0 P=0 S=0
258 c0 tick | r=0 y=2 cur=t3,t1 T=R1.X2.R2.X3.-.-.-.-.-.- s=0 Q=-.-.- M=- R=- C=1 N=0.0.0.0.-.-.-.-.-.- E=-.- B=-.- F=-.-.-/0 P=0 S=0
259 c0 tick | r=0 y=2 cur=t3,t2 T=R1.R2.X2.X3.-.-.-.-.-.- s=0 Q=-.-.- M=- R=- C=1 N=0.0.0.0.-.-.-.-.-.- E=-.- B=-.- F=-.-.-/0 P=0 S=0
260 c0 tick | r=0 y=2 cur=t3,Tmr Svc T=R1.R2.R2.X3.-.-.-.-.-.- s=0 Q=-.-.- M=- R=- C=1 N=0.0.0.0.-.-.-.-.-.- E=-.- B=-.- F=-.-.-/0 P=0 S=0
261 c0 tick | r=0 y=2 cur=t3,t1 T=R1.X2.R2.X3.-.-.-.-.-.- s=0 Q=-.-.- M=- R=- C=1 N=0.0.0.0.-.-.-.-.-.- E=-.- B=-.- F=-.-.-/0 P=0 S=0
262 c0 tick | r=0 y=2 cur=t3,t2 T=R1.R2.X2.X3.-.-.-.-.-.- s=0 Q=-.-.- M=- R=- C=1 N=0.0.0.0.-.-.-.-.-.- E=-.- B=-.- F=-.-.-/0 P=0 S=0
263 c0 tick | r=0 y=2 cur=t3,Tmr Svc T=R1.R2.R2.X3.-.-.-.-.-.- s=0 Q=-.-.- M=- R=- C=1 N=0.0.0.0.-.-.-.-.-.- E=-.- B=-.- F=-.-.-/0 P=0 S=0
264 c0 tick | r=0 y=2 cur=t3,t1 T=R1.X2.R2.X3.-.-.-.-.-.- s=0 Q=-.-.- M=- R=- C=1 N=0.0.0.0.-.-.-.-.-.- E=-.- B=-.- F=-.-.-/0 P=0 S=0
265 c0 tick | r=0 y=2 cur=t3,t2 T=R1.R2.X2.X3.-.-.-.-.-.- s=0 Q=-.-.- M=- R=- C=1 N=0.0.0.0.-.-.-.-.-.- E=-.- B=-.- F=-.-.-/0 P=0 S=0
266 c0 tick | r=0 y=2 cur=t3,Tmr Svc T=R1.R2.R2.X3.-.-.-.-.-.- s=0 Q=-.-.- M=- R=- C=1 N=0.0.0.0.-.-.-.-.-.- E=-.- B=-.- F=-.-.-/0 P=0 S=0
267 c0 tick | r=0 y=2 cur=t3,t1 T=R1.X2.R2.X3.-.-.-.-.-.- s=0 Q=-.-.- M=- R=- C=1 N=0.0.0.0.-.-.-.-.-.- E=-.- B=-.- F=-.-.-/0 P=0 S=0
268 c0 tick | r=0 y=2 cur=t3,t2 T=R1.R2.X2.X3.-.-.-.-.-.- s=0 Q=-.-.- M=- R=- C=1 N=0.0.0.0.-.-.-.-.-.- E=-.- B=-.- F=-.-.-/0 P=0 S=0
269 c0 tick | r=0 y=2 cur=t3,Tmr Svc T=R1.R2.R2.X3.-.-.-.-.-.- s=0 Q=-.-.- M=- R=- C=1 N=0.0.0.0.-.-.-.-.-.- E=-.- B=-.- F=-.-.-/0 P=0 S=0
270 c0 tick | r=0 y=2 cur=t3,t1 T=R1.X2.R2.X3.-.-.-.-.-.- s=0 Q=-.-.- M=- R=- C=1 N=0.0.0.0.-.-.-.-.-.- E=-.- B=-.- F=-.-.-/0 P=0 S=0
271 c0 tick | r=0 y=2 cur=t3,t2 T=R1.R2.X2.X3.-.-.-.-.-.- s=0 Q=-.-.- M=- R=- C=1 N=0.0.0.0.-.-.-.-.-.- E=-.- B=-.- F=-.-.-/0 P=0 S=0
272 c0 tick | r=0 y=2 cur=t3,Tmr Svc T=R1.R2.R2.X3.-.-.-.-.-.- s=0 Q=-.-.- M=- R=- C=1 N=0.0.0.0.-.-.-.-.-.- E=-.- B=-.- F=-.-.-/0 P=0 S=0
273 c0 tick | r=0 y=2 cur=t3,t1 T=R1.X2.R2.X3.-.-.-.-.-.- s=0 Q=-.-.- M=- R=- C=1 N=0.0.0.0.-.-.-.-.-.- E=-.- B=-.- F=-.-.-/0 P=0 S=0
274 c0 tick | r=0 y=2 cur=t3,t2 T=R1.R2.X2.X3.-.-.-.-.-.- s=0 Q=-.-.- M=- R=- C=1 N=0.0.0.0.-.-.-.-.-.- E=-.- B=-.- F=-.-.-/0 P=0 S=0
275 c0 tick | r=0 y=2 cur=t3,Tmr Svc T=R1.R2.R2.X3.-.-.-.-.-.- s=0 Q=-.-.- M=- R=- C=1 N=0.0.0.0.-.-.-.-.-.- E=-.- B=-.- F=-.-.-/0 P=0 S=0
276 c0 tick | r=0 y=2 cur=t3,t1 T=R1.X2.R2.X3.-.-.-.-.-.- s=0 Q=-.-.- M=- R=- C=1 N=0.0.0.0.-.-.-.-.-.- E=-.- B=-.- F=-.-.-/0 P=0 S=0
277 c0 tick | r=0 y=2 cur=t3,t2 T=R1.R2.X2.X3.-.-.-.-.-.- s=0 Q=-.-.- M=- R=- C=1 N=0.0.0.0.-.-.-.-.-.- E=-.- B=-.- F=-.-.-/0 P=0 S=0
278 c0 tick | r=0 y=2 cur=t3,Tmr Svc T=R1.R2.R2.X3.-.-.-.-.-.- s=0 Q=-.-.- M=- R=- C=1 N=0.0.0.0.-.-.-.-.-.- E=-.- B=-.- F=-.-.-/0 P=0 S=0
279 c0 tick | r=0 y=2 cur=t3,t1 T=R1.X2.R2.X3.-.-.-.-.-.- s=0 Q=-.-.- M=- R=- C=1 N=0.0.0.0.-.-.-.-.-.- E=-.- B=-.- F=-.-.-/0 P=0 S=0
280 c0 tick | r=0 y=2 cur=t3,t2 T=R1.R2.X2.X3.-.-.-.-.-.- s=0 Q=-.-.- M=- R=- C=1 N=0.0.0.0.-.-.-.-.-.- E=-.- B=-.- F=-.-.-/0 P=0 S=0
281 c0 tick | r=0 y=2 cur=t3,Tmr Svc T=R1.R2.R2.X3.-.-.-.-.-.- s=0 Q=-.-.- M=- R=- C=1 N=0.0.0.0.-.-.-.-.-.- E=-.- B=-.- F=-.-.-/0 P=0 S=0
282 c0 tick | r=0 y=2 cur=t3,t1 T=R1.X2.R2.X3.-.-.-.-.-.- s=0 Q=-.-.- M=- R=- C=1 N=0.0.0.0.-.-.-.-.-.- E=-.- B=-.- F=-.-.-/0 P=0 S=0
283 c0 tick | r=0 y=2 cur=t3,t2 T=R1.R2.X2.X3.-.-.-.-.-.- s=0 Q=-.-.- M=- R=- C=1 N=0.0.0.0.-.-.-.-.-.- E=-.- B=-.- F=-.-.-/0 P=0 S=0
284 c0 tick | r=0 y=2 cur=t3,Tmr Svc T=R1.R2.R2.X3.-.-.-.-.-.- s=0 Q=-.-.- M=- R=- C=1 N=0.0.0.0.-.-.-.-.-.- E=-.- B=-.- F=-.-.-/0 P=0 S=0
285 c0 tick | r=0 y=2 cur=t3,t1 T=R1.X2.R2.X3.-.-.-.-.-.- s=0 Q=-.-.- M=- R=- C=1 N=0.0.0.0.-.-.-.-.-.- E=-.- B=-.- F=-.-.-/0 P=0 S=0
286 c0 tick | r=0 y=2 cur=t3,t2 T=R1.R2.X2.X3.-.-.-.-.-.- s=0 Q=-.-.- M=- R=- C=1 N=0.0.0.0.-.-.-.-.-.- E=-.- B=-.- F=-.-.-/0 P=0 S=0
287 c0 tick | r=0 y=2 cur=t3,Tmr Svc T=R1.R2.R2.X3.-.-.-.-.-.- s=0 Q=-.-.- M=- R=- C=1 N=0.0.0.0.-.-.-.-.-.- E=-.- B=-.- F=-.-.-/0 P=0 S=0
288 c0 tick | r=0 y=2 cur=t3,t1 T=R1.X2.R2.X3.-.-.-.-.-.- s=0 Q=-.-.- M=- R=- C=1 N=0.0.0.0.-.-.-.-.-.- E=-.- B=-.- F=-.-.-/0 P=0 S=0
289 c0 tick | r=0 y=2 cur=t3,t2 T=R1.R2.X2.X3.-.-.-.-.-.- s=0 Q=-.-.- M=- R=- C=1 N=0.0.0.0.-.-.-.-.-.- E=-.- B=-.- F=-.-.-/0 P=0 S=0
290 c0 tick | r=0 y=2 cur=t3,Tmr Svc T=R1.R2.R2.X3.-.-.-.-.-.- s=0 Q=-.-.- M=- R=- C=1 N=0.0.0.0.-.-.-.-.-.- E=-.- B=-.- F=-.-.-/0 P=0 S=0
291 c0 tick | r=0 y=2 cur=t3,t1 T=R1.X2.R2.X3.-.-.-.-.-.- s=0 Q=-.-.- M=- R=- C=1 N=0.0.0.0.-.-.-.-.-.- E=-.- B=-.- F=-.-.-/0 P=0 S=0
292 c0 tick | r=0 y=2 cur=t3,t2 T=R1.R2.X2.X3.-.-.-.-.-.- s=0 Q=-.-.- M=- R=- C=1 N=0.0.0.0.-.-.-.-.-.- E=-.- B=-.- F=-.-.-/0 P=0 S=0
293 c0 tick | r=0 y=2 cur=t3,Tmr Svc T=R1.R2.R2.X3.-.-.-.-.-.- s=0 Q=-.-.- M=- R=- C=1 N=0.0.0.0.-.-.-.-.-.- E=-.- B=-.- F=-.-.-/0 P=0 S=0
294 c0 tick | r=0 y=2 cur=t3,t1 T=R1.X2.R2.X3.-.-.-.-.-.- s=0 Q=-.-.- M=- R=- C=1 N=0.0.0.0.-.-.-.-.-.- E=-.- B=-.- F=-.-.-/0 P=0 S=0
295 c0 tick | r=0 y=2 cur=t3,t2 T=R1.R2.X2.X3.-.-.-.-.-.- s=0 Q=-.-.- M=- R=- C=1 N=0.0.0.0.-.-.-.-.-.- E=-.- B=-.- F=-.-.-/0 P=0 S=0
296 c0 tick | r=0 y=2 cur=t3,Tmr Svc T=R1.R2.R2.X3.-.-.-.-.-.- s=0 Q=-.-.- M=- R=- C=1 N=0.0.0.0.-.-.-.-.-.- E=-.- B=-.- F=-.-.-/0 P=0 S=0
297 c0 tick | r=0 y=2 cur=t3,t1 T=R1.X2.R2.X3.-.-.-.-.-.- s=0 Q=-.-.- M=- R=- C=1 N=0.0.0.0.-.-.-.-.-.- E=-.- B=-.- F=-.-.-/0 P=0 S=0
298 c0 tick | r=0 y=2 cur=t3,t2 T=R1.R2.X2.X3.-.-.-.-.-.- s=0 Q=-.-.- M=- R=- C=1 N=0.0.0.0.-.-.-.-.-.- E=-.- B=-.- F=-.-.-/0 P=0 S=0
299 c0 tick | r=0 y=2 cur=t3,Tmr Svc T=R1.R2.R2.X3.-.-.-.-.-.- s=0 Q=-.-.- M=- R=- C=1 N=0.0.0.0.-.-.-.-.-.- E=-.- B=-.- F=-.-.-/0 P=0 S=0
300 c0 tick | r=0 y=2 cur=t3,t1 T=R1.X2.R2.X3.-.-.-.-.-.- s=0 Q=-.-.- M=- R=- C=1 N=0.0.0.0.-.-.-.-.-.- E=-.- B=-.- F=-.-.-/0 P=0 S=0
301 c0 tick | r=0 y=2 cur=t3,t2 T=R1.R2.X2.X3.-.-.-.-.-.- s=0 Q=-.-.- M=- R=- C=1 N=0.0.0.0.-.-.-.-.-.- E=-.- B=-.- F=-.-.-/0 P=0 S=0
302 c0 tick | r=0 y=2 cur=t3,Tmr Svc T=R1.R2.R2.X3.-.-.-.-.-.- s=0 Q=-.-.- M=- R=- C=1 N=0.0.0.0.-.-.-.-.-.- E=-.- B=-.- F=-.-.-/0 P=0 S=0
303 c0 tick | r=0 y=2 cur=t3,t1 T=R1.X2.R2.X3.-.-.-.-.-.- s=0 Q=-.-.- M=- R=- C=1 N=0.0.0.0.-.-.-.-.-.- E=-.- B=-.- F=-.-.-/0 P=0 S=0
304 c0 tick | r=0 y=2 cur=t3,t2 T=R1.R2.X2.X3.-.-.-.-.-.- s=0 Q=-.-.- M=- R=- C=1 N=0.0.0.0.-.-.-.-.-.- E=-.- B=-.- F=-.-.-/0 P=0 S=0
305 c0 tick | r=0 y=2 cur=t3,Tmr Svc T=R1.R2.R2.X3.-.-.-.-.-.- s=0 Q=-.-.- M=- R=- C=1 N=0.0.0.0.-.-.-.-.-.- E=-.- B=-.- F=-.-.-/0 P=0 S=0
306 c0 tick | r=0 y=2 cur=t3,t1 T=R1.X2.R2.X3.-.-.-.-.-.- s=0 Q=-.-.- M=- R=- C=1 N=0.0.0.0.-.-.-.-.-.- E=-.- B=-.- F=-.-.-/0 P=0 S=0
307 c0 tick | r=0 y=2 cur=t3,t2 T=R1.R2.X2.X3.-.-.-.-.-.- s=0 Q=-.-.- M=- R=- C=1 N=0.0.0.0.-.-.-.-.-.- E=-.- B=-.- F=-.-.-/0 P=0 S=0
308 c0 tick | r=0 y=2 cur=t3,Tmr Svc T=R1.R2.R2.X3.-.-.-.-.-.- s=0 Q=-.-.- M=- R=- C=1 N=0.0.0.0.-.-.-.-.-.- E=-.- B=-.- F=-.-.-/0 P=0 S=0
309 c0 tick | r=0 y=2 cur=t3,t1 T=R1.X2.R2.X3.-.-.-.-.-.- s=0 Q=-.-.- M=- R=- C=1 N=0.0.0.0.-.-.-.-.-.- E=-.- B=-.- F=-.-.-/0 P=0 S=0
310 c0 tick | r=0 y=2 cur=t3,t2 T=R1.R2.X2.X3.-.-.-.-.-.- s=0 Q=-.-.- M=- R=- C=1 N=0.0.0.0.-.-.-.-.-.- E=-.- B=-.- F=-.-.-/0 P=0 S=0
311 c0 tick | r=0 y=2 cur=t3,Tmr Svc T=R1.R2.R2.X3.-.-.-.-.-.- s=0 Q=-.-.- M=- R=- C=1 N=0.0.0.0.-.-.-.-.-.- E=-.- B=-.- F=-.-.-/0 P=0 S=0
312 c0 tick | r=0 y=2 cur=t3,t1 T=R1.X2.R2.X3.-.-.-.-.-.- s=0 Q=-.-.- M=- R=- C=1 N=0.0.0.0.-.-.-.-.-.- E=-.- B=-.- F=-.-.-/0 P=0 S=0
313 c0 tick | r=0 y=2 cur=t3,t2 T=R1.R2.X2.X3.-.-.-.-.-.- s=0 Q=-.-.- M=- R=- C=1 N=0.0.0.0.-.-.-.-.-.- E=-.- B=-.- F=-.-.-/0 P=0 S=0
314 c0 tick | r=0 y=2 cur=t3,Tmr Svc T=R1.R2.R2.X3.-.-.-.-.-.- s=0 Q=-.-.- M=- R=- C=1 N=0.0.0.0.-.-.-.-.-.- E=-.- B=-.- F=-.-.-/0 P=0 S=0
315 c0 tick | r=0 y=2 cur=t3,t1 T=R1.X2.R2.X3.-.-.-.-.-.- s=0 Q=-.-.- M=- R=- C=1 N=0.0.0.0.-.-.-.-.-.- E=-.- B=-.- F=-.-.-/0 P=0 S=0
316 c0 tick | r=0 y=2 cur=t3,t2 T=R1.R2.X2.X3.-.-.-.-.-.- s=0 Q=-.-.- M=- R=- C=1 N=0.0.0.0.-.-.-.-.-.- E=-.- B=-.- F=-.-.-/0 P=0 S=0
317 c0 tick | r=0 y=2 cur=t3,Tmr Svc T=R1.R2.R2.X3.-.-.-.-.-.- s=0 Q=-.-.- M=- R=- C=1 N=0.0.0.0.-.-.-.-.-.- E=-.- B=-.- F=-.-.-/0 P=0 S=0
318 c0 tick | r=0 y=2 cur=t3,t1 T=R1.X2.R2.X3.-.-.-.-.-.- s=0 Q=-.-.- M=- R=- C=1 N=0.0.0.0.-.-.-.-.-.- E=-.- B=-.- F=-.-.-/0 P=0 S=0
319 c0 tick | r=0 y=2 cur=t3,t2 T=R1.R2.X2.X3.-.-.-.-.-.- s=0 Q=-.-.- M=- R=- C=1 N=0.0.0.0.-.-.-.-.-.- E=-.- B=-.- F=-.-.-/0 P=0 S=0
320 c0 tick | r=0 y=2 cur=t3,Tmr Svc T=R1.R2.R2.X3.-.-.-.-.-.- s=0 Q=-.-.- M=- R=- C=1 N=0.0.0.0.-.-.-.-.-.- E=-.- B=-.- F=-.-.-/0 P=0 S=0
321 c0 tick | r=0 y=2 cur=t3,t1 T=R1.X2.R2.X3.-.-.-.-.-.- s=0 Q=-.-.- M=- R=- C=1 N=0.0.0.0.-.-.-.-.-.- E=-.- B=-.- F=-.-.-/0 P=0 S=0
322 c0 tick | r=0 y=2 cur=t3,t2 T=R1.R2.X2.X3.-.-.-.-.-.- s=0 Q=-.-.- M=- R=- C=1 N=0.0.0.0.-.-.-.-.-.- E=-.- B=-.- F=-.-.-/0 P=0 S=0
323 c0 tick | r=0 y=2 cur=t3,Tmr Svc T=R1.R2.R2.X3.-.-.-.-.-.- s=0 Q=-.-.- M=- R=- C=1 N=0.0.0.0.-.-.-.-.-.- E=-.- B=-.- F=-.-.-/0 P=0 S=0
324 c0 tick | r=0 y=2 cur=t3,t1 T=R1.X2.R2.X3.-.-.-.-.-.- s=0 Q=-.-.- M=- R=- C=1 N=0.0.0.0.-.-.-.-.-.- E=-.- B=-.- F=-.-.-/0 P=0 S=0
325 c0 tick | r=0 y=2 cur=t3,t2 T=R1.R2.X2.X3.-.-.-.-.-.- s=0 Q=-.-.- M=- R=- C=1 N=0.0.0.0.-.-.-.-.-.- E=-.- B=-.- F=-.-.-/0 P=0 S=0
326 c0 tick | r=0 y=2 cur=t3,Tmr Svc T=R1.R2.R2.X3.-.-.-.-.-.- s=0 Q=-.-.- M=- R=- C=1 N=0.0.0.0.-.-.-.-.-.- E=-.- B=-.- F=-.-.-/0 P=0 S=0
327 c0 tick | r=0 y=2 cur=t3,t1 T=R1.X2.R2.X3.-.-.-.-.-.- s=0 Q=-.-.- M=- R=- C=1 N=0.0.0.0.-.-.-.-.-.- E=-.- B=-.- F=-.-.-/0 P=0 S=0
328 c0 tick | r=0 y=2 cur=t3,t2 T=R1.R2.X2.X3.-.-.-.-.-.- s=0 Q=-.-.- M=- R=- C=1 N=0.0.0.0.-.-.-.-.-.- E=-.- B=-.- F=-.-.-/0 P=0 S=0
329 c0 tick | r=0 y=2 cur=t3,Tmr Svc T=R1.R2.R2.X3.-.-.-.-.-.- s=0 Q=-.-.- M=- R=- C=1 N=0.0.0.0.-.-.-.-.-.- E=-.- B=-.- F=-.-.-/0 P=0 S=0
330 c0 tick | r=0 y=2 cur=t3,t1 T=R1.X2.R2.X3.-.-.-.-.-.- s=0 Q=-.-.- M=- R=- C=1 N=0.0.0.0.-.-.-.-.-.- E=-.- B=-.- F=-.-.-/0 P=0 S=0
331 c0 tick | r=0 y=2 cur=t3,t2 T=R1.R2.X2.X3.-.-.-.-.-.- s=0 Q=-.-.- M=- R=- C=1 N=0.0.0.0.-.-.-.-.-.- E=-.- B=-.- F=-.-.-/0 P=0 S=0
332 c0 tick | r=0 y=2 cur=t3,Tmr Svc T=R1.R2.R2.X3.-.-.-.-.-.- s=0 Q=-.-.- M=- R=- C=1 N=0.0.0.0.-.-.-.-.-.- E=-.- B=-.- F=-.-.-/0 P=0 S=0
333 c0 tick | r=0 y=2 cur=t3,t1 T=R1.X2.R2.X3.-.-.-.-.-.- s=0 Q=-.-.- M=- R=- C=1 N=0.0.0.0.-.-.-.-.-.- E=-.- B=-.- F=-.-.-/0 P=0 S=0
334 c0 tick | r=0 y=2 cur=t3,t2 T=R1.R2.X2.X3.-.-.-.-.-.- s=0 Q=-.-.- M=- R=- C=1 N=0.0.0.0.-.-.-.-.-.- E=-.- B=-.- F=-.-.-/0 P=0 S=0
335 c0 tick | r=0 y=2 cur=t3,Tmr Svc T=R1.R2.R2.X3.-.-.-.-.-.- s=0 Q=-.-.- M=- R=- C=1 N=0.0.0.0.-.-.-.-.-.- E=-.- B=-.- F=-.-.-/0 P=0 S=0
336 c0 tick | r=0 y=2 cur=t3,t1 T=R1.X2.R2.X3.-.-.-.-.-.- s=0 Q=-.-.- M=- R=- C=1 N=0.0.0.0.-.-.-.-.-.- E=-.- B=-.- F=-.-.-/0 P=0 S=0
337 c0 tick | r=0 y=2 cur=t3,t2 T=R1.R2.X2.X3.-.-.-.-.-.- s=0 Q=-.-.- M=- R=- C=1 N=0.0.0.0.-.-.-.-.-.- E=-.- B=-.- F=-.-.-/0 P=0 S=0
338 c0 tick | r=0 y=2 cur=t3,Tmr Svc T=R1.R2.R2.X3.-.-.-.-.-.- s=0 Q=-.-.- M=- R=- C=1 N=0.0.0.0.-.-.-.-.-.- E=-.- B=-.- F=-.-.-/0 P=0 S=0
339 c0 tick | r=0 y=2 cur=t3,t1 T=R1.X2.R2.X3.-.-.-.-.-.- s=0 Q=-.-.- M=- R=- C=1 N=0.0.0.0.-.-.-.-.-.- E=-.- B=-.- F=-.-.-/0 P=0 S=0
340 c0 tick | r=0 y=2 cur=t3,t2 T=R1.R2.X2.X3.-.-.-.-.-.- s=0 Q=-.-.- M=- R=- C=1 N=0.0.0.0.-.-.-.-.-.- E=-.- B=-.- F=-.-.-/0 P=0 S=0
341 c0 tick | r=0 y=2 cur=t3,Tmr Svc T=R1.R2.R2.X3.-.-.-.-.-.- s=0 Q=-.-.- M=- R=- C=1 N=0.0.0.0.-.-.-.-.-.- E=-.- B=-.- F=-.-.-/0 P=0 S=0
342 c0 tick | r=0 y=2 cur=t3,t1 T=R1.X2.R2.X3.-.-.-.-.-.- s=0 Q=-.-.- M=- R=- C=1 N=0.0.0.0.-.-.-.-.-.- E=-.- B=-.- F=-.-.-/0 P=0 S=0
343 c0 tick | r=0 y=2 cur=t3,t2 T=R1.R2.X2.X3.-.-.-.-.-.- s=0 Q=-.-.- M=- R=- C=1 N=0.0.0.0.-.-.-.-.-.- E=-.- B=-.- F=-.-.-/0 P=0 S=0
344 c0 tick | r=0 y=2 cur=t3,Tmr Svc T=R1.R2.R2.X3.-.-.-.-.-.- s=0 Q=-.-.- M=- R=- C=1 N=0.0.0.0.-.-.-.-.-.- E=-.- B=-.- F=-.-.-/0 P=0 S=0
345 c0 tick | r=0 y=2 cur=t3,t1 T=R1.X2.R2.X3.-.-.-.-.-.- s=0 Q=-.-.- M=- R=- C=1 N=0.0.0.0.-.-.-.-.-.- E=-.- B=-.- F=-.-.-/0 P=0 S=0
346 c0 tick | r=0 y=2 cur=t3,t2 T=R1.R2.X2.X3.-.-.-.-.-.- s=0 Q=-.-.- M=- R=- C=1 N=0.0.0.0.-.-.-.-.-.- E=-.- B=-.- F=-.-.-/0 P=0 S=0
347 c0 tick | r=0 y=2 cur=t3,Tmr Svc T=R1.R2.R2.X3.-.-.-.-.-.- s=0 Q=-.-.- M=- R=- C=1 N=0.0.0.0.-.-.-.-.-.- E=-.- B=-.- F=-.-.-/0 P=0 S=0
348 c0 tick | r=0 y=2 cur=t3,t1 T=R1.X2.R2.X3.-.-.-.-.-.- s=0 Q=-.-.- M=- R=- C=1 N=0.0.0.0.-.-.-.-.-.- E=-.- B=-.- F=-.-.-/0 P=0 S=0
349 c0 tick | r=0 y=2 cur=t3,t2 T=R1.R2.X2.X3.-.-.-.-.-.- s=0 Q=-.-.- M=- R=- C=1 N=0.0.0.0.-.-.-.-.-.- E=-.- B=-.- F=-.-.-/0 P=0 S=0
350 c0 tick | r=0 y=2 cur=t3,Tmr Svc T=R1.R2.R2.X3.-.-.-.-.-.- s=0 Q=-.-.- M=- R=- C=1 N=0.0.0.0.-.-.-.-.-.- E=-.- B=-.- F=-.-.-/0 P=0 S=0
351 c0 tick | r=0 y=2 cur=t3,t1 T=R1.X2.R2.X3.-.-.-.-.-.- s=0 Q=-.-.- M=- R=- C=1 N=0.0.0.0.-.-.-.-.-.- E=-.- B=-.- F=-.-.-/0 P=0 S=0
352 c0 tick | r=0 y=2 cur=t3,t2 T=R1.R2.X2.X3.-.-.-.-.-.- s=0 Q=-.-.- M=- R=- C=1 N=0.0.0.0.-.-.-.-.-.- E=-.- B=-.- F=-.-.-/0 P=0 S=0
353 c0 tick | r=0 y=2 cur=t3,Tmr Svc T=R1.R2.R2.X3.-.-.-.-.-.- s=0 Q=-.-.- M=- R=- C=1 N=0.0.0.0.-.-.-.-.-.- E=-.- B=-.- F=-.-.-/0 P=0 S=0
354 c0 tick | r=0 y=2 cur=t3,t1 T=R1.X2.R2.X3.-.-.-.-.-.- s=0 Q=-.-.- M=- R=- C=1 N=0.0.0.0.-.-.-.-.-.- E=-.- B=-.- F=-.-.-/0 P=0 S=0
355 c0 tick | r=0 y=2 cur=t3,t2 T=R1.R2.X2.X3.-.-.-.-.-.- s=0 Q=-.-.- M=- R=- C=1 N=0.0.0.0.-.-.-.-.-.- E=-.- B=-.- F=-.-.-/0 P=0 S=0
356 c0 tick | r=0 y=2 cur=t3,Tmr Svc T=R1.R2.R2.X3.-.-.-.-.-.- s=0 Q=-.-.- M=- R=- C=1 N=0.0.0.0.-.-.-.-.-.- E=-.- B=-.- F=-.-.-/0 P=0 S=0
357 c0 tick | r=0 y=2 cur=t3,t1 T=R1.X2.R2.X3.-.-.-.-.-.- s=0 Q=-.-.- M=- R=- C=1 N=0.0.0.0.-.-.-.-.-.- E=-.- B=-.- F=-.-.-/0 P=0 S=0
358 c0 tick | r=0 y=2 cur=t3,t2 T=R1.R2.X2.X3.-.-.-.-.-.- s=0 Q=-.-.- M=- R=- C=1 N=0.0.0.0.-.-.-.-.-.- E=-.- B=-.- F=-.-.-/0 P=0 S=0
359 c0 tick | r=0 y=2 cur=t3,Tmr Svc T=R1.R2.R2.X3.-.-.-.-.-.- s=0 Q=-.-.- M=- R=- C=1 N=0.0.0.0.-.-.-.-.-.- E=-.- B=-.- F=-.-.-/0 P=0 S=0
360 c0 tick | r=0 y=2 cur=t3,t1 T=R1.X2.R2.X3.-.-.-.-.-.- s=0 Q=-.-.- M=- R=- C=1 N=0.0.0.0.-.-.-.-.-.- E=-.- B=-.- F=-.-.-/0 P=0 S=0
361 c0 tick | r=0 y=2 cur=t3,t2 T=R1.R2.X2.X3.-.-.-.-.-.- s=0 Q=-.-.- M=- R=- C=1 N=0.0.0.0.-.-.-.-.-.- E=-.- B=-.- F=-.-.-/0 P=0 S=0
362 c0 tick | r=0 y=2 cur=t3,Tmr Svc T=R1.R2.R2.X3.-.-.-.-.-.- s=0 Q=-.-.- M=- R=- C=1 N=0.0.0.0.-.-.-.-.-.- E=-.- B=-.- F=-.-.-/0 P=0 S=0
363 c0 tick | r=0 y=2 cur=t3,t1 T=R1.X2.R2.X3.-.-.-.-.-.- s=0 Q=-.-.- M=- R=- C=1 N=0.0.0.0.-.-.-.-.-.- E=-.- B=-.- F=-.-.-/0 P=0 S=0
364 c0 tick | r=0 y=2 cur=t3,t2 T=R1.R2.X2.X3.-.-.-.-.-.- s=0 Q=-.-.- M=- R=- C=1 N=0.0.0.0.-.-.-.-.-.- E=-.- B=-.- F=-.-.-/0 P=0 S=0
365 c0 tick | r=0 y=2 cur=t3,Tmr Svc T=R1.R2.R2.X3.-.-.-.-.-.- s=0 Q=-.-.- M=- R=- C=1 N=0.0.0.0.-.-.-.-.-.- E=-.- B=-.- F=-.-.-/0 P=0 S=0
366 c0 tick | r=0 y=2 cur=t3,t1 T=R1.X2.R2.X3.-.-.-.-.-.- s=0 Q=-.-.- M=- R=- C=1 N=0.0.0.0.-.-.-.-.-.- E=-.- B=-.- F=-.-.-/0 P=0 S=0
367 c0 tick | r=0 y=2 cur=t3,t2 T=R1.R2.X2.X3.-.-.-.-.-.- s=0 Q=-.-.- M=- R=- C=1 N=0.0.0.0.-.-.-.-.-.- E=-.- B=-.- F=-.-.-/0 P=0 S=0
368 c0 tick | r=0 y=2 cur=t3,Tmr Svc T=R1.R2.R2.X3.-.-.-.-.-.- s=0 Q=-.-.- M=- R=- C=1 N=0.0.0.0.-.-.-.-.-.- E=-.- B=-.- F=-.-.-/0 P=0 S=0
369 c0 tick | r=0 y=2 cur=t3,t1 T=R1.X2.R2.X3.-.-.-.-.-.- s=0 Q=-.-.- M=- R=- C=1 N=0.0.0.0.-.-.-.-.-.- E=-.- B=-.- F=-.-.-/0 P=0 S=0
370 c0 tick | r=0 y=2 cur=t3,t2 T=R1.R2.X2.X3.-.-.-.-.-.- s=0 Q=-.-.- M=- R=- C=1 N=0.0.0.0.-.-.-.-.-.- E=-.- B=-.- F=-.-.-/0 P=0 S=0
371 c0 tick | r=0 y=2 cur=t3,Tmr Svc T=R1.R2.R2.X3.-.-.-.-.-.- s=0 Q=-.-.- M=- R=- C=1 N=0.0.0.0.-.-.-.-.-.- E=-.- B=-.- F=-.-.-/0 P=0 S=0
372 c0 tick | r=0 y=2 cur=t3,t1 T=R1.X2.R2.X3.-.-.-.-.-.- s=0 Q=-.-.- M=- R=- C=1 N=0.0.0.0.-.-.-.-.-.- E=-.- B=-.- F=-.-.-/0 P=0 S=0
373 c0 tick | r=0 y=2 cur=t3,t2 T=R1.R2.X2.X3.-.-.-.-.-.- s=0 Q=-.-.- M=- R=- C=1 N=0.0.0.0.-.-.-.-.-.- E=-.- B=-.- F=-.-.-/0 P=0 S=0
374 c0 tick | r=0 y=2 cur=t3,Tmr Svc T=R1.R2.R2.X3.-.-.-.-.-.- s=0 Q=-.-.- M=- R=- C=1 N=0.0.0.0.-.-.-.-.-.- E=-.- B=-.- F=-.-.-/0 P=0 S=0
375 c0 tick | r=0 y=2 cur=t3,t1 T=R1.X2.R2.X3.-.-.-.-.-.- s=0 Q=-.-.- M=- R=- C=1 N=0.0.0.0.-.-.-.-.-.- E=-.- B=-.- F=-.-.-/0 P=0 S=0
376 c0 tick | r=0 y=2 cur=t3,t2 T=R1.R2.X2.X3.-.-.-.-.-.- s=0 Q=-.-.- M=- R=- C=1 N=0.0.0.0.-.-.-.-.-.- E=-.- B=-.- F=-.-.-/0 P=0 S=0
377 c0 tick | r=0 y=2 cur=t3,Tmr Svc T=R1.R2.R2.X3.-.-.-.-.-.- s=0 Q=-.-.- M=- R=- C=1 N=0.0.0.0.-.-.-.-.-.- E=-.- B=-.- F=-.-.-/0 P=0 S=0
378 c0 tick | r=0 y=2 cur=t3,t1 T=R1.X2.R2.X3.-.-.-.-.-.- s=0 Q=-.-.- M=- R=- C=1 N=0.0.0.0.-.-.-.-.-.- E=-.- B=-.- F=-.-.-/0 P=0 S=0
379 c0 tick | r=0 y=2 cur=t3,t2 T=R1.R2.X2.X3.-.-.-.-.-.- s=0 Q=-.-.- M=- R=- C=1 N=0.0.0.0.-.-.-.-.-.- E=-.- B=-.- F=-.-.-/0 P=0 S=0
380 c0 tick | r=0 y=2 cur=t3,Tmr Svc T=R1.R2.R2.X3.-.-.-.-.-.- s=0 Q=-.-.- M=- R=- C=1 N=0.0.0.0.-.-.-.-.-.- E=-.- B=-.- F=-.-.-/0 P=0 S=0
381 c0 tick | r=0 y=2 cur=t3,t1 T=R1.X2.R2.X3.-.-.-.-.-.- s=0 Q=-.-.- M=- R=- C=1 N=0.0.0.0.-.-.-.-.-.- E=-.- B=-.- F=-.-.-/0 P=0 S=0
382 c0 tick | r=0 y=2 cur=t3,t2 T=R1.R2.X2.X3.-.-.-.-.-.- s=0 Q=-.-.- M=- R=- C=1 N=0.0.0.0.-.-.-.-.-.- E=-.- B=-.- F=-.-.-/0 P=0 S=0
383 c0 tick | r=0 y=2 cur=t3,Tmr Svc T=R1.R2.R2.X3.-.-.-.-.-.- s=0 Q=-.-.- M=- R=- C=1 N=0.0.0.0.-.-.-.-.-.- E=-.- B=-.- F=-.-.-/0 P=0 S=0
384 c0 tick | r=0 y=2 cur=t3,t1 T=R1.X2.R2.X3.-.-.-.-.-.- s=0 Q=-.-.- M=- R=- C=1 N=0.0.0.0.-.-.-.-.-.- E=-.- B=-.- F=-.-.-/0 P=0 S=0
385 c0 tick | r=0 y=2 cur=t3,t2 T=R1.R2.X2.X3.-.-.-.-.-.- s=0 Q=-.-.- M=- R=- C=1 N=0.0.0.0.-.-.-.-.-.- E=-.- B=-.- F=-.-.-/0 P=0 S=0
386 c0 tick | r=0 y=2 cur=t3,Tmr Svc T=R1.R2.R2.X3.-.-.-.-.-.- s=0 Q=-.-.- M=- R=- C=1 N=0.0.0.0.-.-.-.-.-.- E=-.- B=-.- F=-.-.-/0 P=0 S=0
387 c0 tick | r=0 y=2 cur=t3,t1 T=R1.X2.R2.X3.-.-.-.-.-.- s=0 Q=-.-.- M=- R=- C=1 N=0.0.0.0.-.-.-.-.-.- E=-.- B=-.- F=-.-.-/0 P=0 S=0
388 c0 tick | r=0 y=2 cur=t3,t2 T=R1.R2.X2.X3.-.-.-.-.-.- s=0 Q=-.-.- M=- R=- C=1 N=0.0.0.0.-.-.-.-.-.- E=-.- B=-.- F=-.-.-/0 P=0 S=0
389 c0 tick | r=0 y=2 cur=t3,Tmr Svc T=R1.R2.R2.X3.-.-.-.-.-.- s=0 Q=-.-.- M=- R=- C=1 N=0.0.0.0.-.-.-.-.-.- E=-.- B=-.- F=-.-.-/0 P=0 S=0
390 c0 tick | r=0 y=2 cur=t3,t1 T=R1.X2.R2.X3.-.-.-.-.-.- s=0 Q=-.-.- M=- R=- C=1 N=0.0.0.0.-.-.-.-.-.- E=-.- B=-.- F=-.-.-/0 P=0 S=0
391 c0 tick | r=0 y=2 cur=t3,t2 T=R1.R2.X2.X3.-.-.-.-.-.- s=0 Q=-.-.- M=- R=- C=1 N=0.0.0.0.-.-.-.-.-.- E=-.- B=-.- F=-.-.-/0 P=0 S=0
392 c0 tick | r=0 y=2 cur=t3,Tmr Svc T=R1.R2.R2.X3.-.-.-.-.-.- s=0 Q=-.-.- M=- R=- C=1 N=0.0.0.0.-.-.-.-.-.- E=-.- B=-.- F=-.-.-/0 P=0 S=0
393 c0 tick | r=0 y=2 cur=t3,t1 T=R1.X2.R2.X3.-.-.-.-.-.- s=0 Q=-.-.- M=- R=- C=1 N=0.0.0.0.-.-.-.-.-.- E=-.- B=-.- F=-.-.-/0 P=0 S=0
394 c0 tick | r=0 y=2 cur=t3,t2 T=R1.R2.X2.X3.-.-.-.-.-.- s=0 Q=-.-.- M=- R=- C=1 N=0.0.0.0.-.-.-.-.-.- E=-.- B=-.- F=-.-.-/0 P=0 S=0
395 c0 tick | r=0 y=2 cur=t3,Tmr Svc T=R1.R2.R2.X3.-.-.-.-.-.- s=0 Q=-.-.- M=- R=- C=1 N=0.0.0.0.-.-.-.-.-.- E=-.- B=-.- F=-.-.-/0 P=0 S=0
396 c0 tick | r=0 y=2 cur=t3,t1 T=R1.X2.R2.X3.-.-.-.-.-.- s=0 Q=-.-.- M=- R=- C=1 N=0.0.0.0.-.-.-.-.-.- E=-.- B=-.- F=-.-.-/0 P=0 S=0
397 c0 tick | r=0 y=2 cur=t3,t2 T=R1.R2.X2.X3.-.-.-.-.-.- s=0 Q=-.-.- M=- R=- C=1 N=0.0.0.0.-.-.-.-.-.- E=-.- B=-.- F=-.-.-/0 P=0 S=0
398 c0 tick | r=0 y=2 cur=t3,Tmr Svc T=R1.R2.R2.X3.-.-.-.-.-.- s=0 Q=-.-.- M=- R=- C=1 N=0.0.0.0.-.-.-.-.-.- E=-.- B=-.- F=-.-.-/0 P=0 S=0
399 c0 tick | r=0 y=2 cur=t3,t1 T=R1.X2.R2.X3.-.-.-.-.-.- s=0 Q=-.-.- M=- R=- C=1 N=0.0.0.0.-.-.-.-.-.- E=-.- B=-.- F=-.-.-/0 P=0 S=0
400 c0 tick | r=0 y=2 cur=t3,t2 T=R1.R2.X2.X3.-.-.-.-.-.- s=0 Q=-.-.- M=- R=- C=1 N=0.0.0.0.-.-.-.-.-.- E=-.- B=-.- F=-.-.-/0 P=0 S=0
401 c0 tick | r=0 y=2 cur=t3,Tmr Svc T=R1.R2.R2.X3.-.-.-.-.-.- s=0 Q=-.-.- M=- R=- C=1 N=0.0.0.0.-.-.-.-.-.- E=-.- B=-.- F=-.-.-/0 P=0 S=0
402 c0 tick | r=0 y=2 cur=t3,t1 T=R1.X2.R2.X3.-.-.-.-.-.- s=0 Q=-.-.- M=- R=- C=1 N=0.0.0.0.-.-.-.-.-.- E=-.- B=-.- F=-.-.-/0 P=0 S=0
403 c0 tick | r=0 y=2 cur=t3,t2 T=R1.R2.X2.X3.-.-.-.-.-.- s=0 Q=-.-.- M=- R=- C=1 N=0.0.0.0.-.-.-.-.-.- E=-.- B=-.- F=-.-.-/0 P=0 S=0
404 c0 tick | r=0 y=2 cur=t3,Tmr Svc T=R1.R2.R2.X3.-.-.-.-.-.- s=0 Q=-.-.- M=- R=- C=1 N=0.0.0.0.-.-.-.-.-.- E=-.- B=-.- F=-.-.-/0 P=0 S=0
405 c0 tick | r=0 y=2 cur=t3,t1 T=R1.X2.R2.X3.-.-.-.-.-.- s=0 Q=-.-.- M=- R=- C=1 N=0.0.0.0.-.-.-.-.-.- E=-.- B=-.- F=-.-.-/0 P=0 S=0
406 c0 tick | r=0 y=2 cur=t3,t2 T=R1.R2.X2.X3.-.-.-.-.-.- s=0 Q=-.-.- M=- R=- C=1 N=0.0.0.0.-.-.-.-.-.- E=-.- B=-.- F=-.-.-/0 P=0 S=0
407 c0 tick | r=0 y=2 cur=t3,Tmr Svc T=R1.R2.R2.X3.-.-.-.-.-.- s=0 Q=-.-.- M=- R=- C=1 N=0.0.0.0.-.-.-.-.-.- E=-.- B=-.- F=-.-.-/0 P=0 S=0
408 c0 tick | r=0 y=2 cur=t3,t1 T=R1.X2.R2.X3.-.-.-.-.-.- s=0 Q=-.-.- M=- R=- C=1 N=0.0.0.0.-.-.-.-.-.- E=-.- B=-.- F=-.-.-/0 P=0 S=0
409 c0 tick | r=0 y=2 cur=t3,t2 T=R1.R2.X2.X3.-.-.-.-.-.- s=0 Q=-.-.- M=- R=- C=1 N=0.0.0.0.-.-.-.-.-.- E=-.- B=-.- F=-.-.-/0 P=0 S=0
410 c0 tick | r=0 y=2 cur=t3,Tmr Svc T=R1.R2.R2.X3.-.-.-.-.-.- s=0 Q=-.-.- M=- R=- C=1 N=0.0.0.0.-.-.-.-.-.- E=-.- B=-.- F=-.-.-/0 P=0 S=0
411 c0 tick | r=0 y=2 cur=t3,t1 T=R1.X2.R2.X3.-.-.-.-.-.- s=0 Q=-.-.- M=- R=- C=1 N=0.0.0.0.-.-.-.-.-.- E=-.- B=-.- F=-.-.-/0 P=0 S=0
412 c0 tick | r=0 y=2 cur=t3,t2 T=R1.R2.X2.X3.-.-.-.-.-.- s=0 Q=-.-.- M=- R=- C=1 N=0.0.0.0.-.-.-.-.-.- E=-.- B=-.- F=-.-.-/0 P=0 S=0
413 c0 tick | r=0 y=2 cur=t3,Tmr Svc T=R1.R2.R2.X3.-.-.-.-.-.- s=0 Q=-.-.- M=- R=- C=1 N=0.0.0.0.-.-.-.-.-.- E=-.- B=-.- F=-.-.-/0 P=0 S=0
414 c0 tick | r=0 y=2 cur=t3,t1 T=R1.X2.R2.X3.-.-.-.-.-.- s=0 Q=-.-.- M=- R=- C=1 N=0.0.0.0.-.-.-.-.-.- E=-.- B=-.- F=-.-.-/0 P=0 S=0
415 c0 tick | r=0 y=2 cur=t3,t2 T=R1.R2.X2.X3.-.-.-.-.-.- s=0 Q=-.-.- M=- R=- C=1 N=0.0.0.0.-.-.-.-.-.- E=-.- B=-.- F=-.-.-/0 P=0 S=0
416 c0 tick | r=0 y=2 cur=t3,Tmr Svc T=R1.R2.R2.X3.-.-.-.-.-.- s=0 Q=-.-.- M=- R=- C=1 N=0.0.0.0.-.-.-.-.-.- E=-.- B=-.- F=-.-.-/0 P=0 S=0
417 c0 tick | r=0 y=2 cur=t3,t1 T=R1.X2.R2.X3.-.-.-.-.-.- s=0 Q=-.-.- M=- R=- C=1 N=0.0.0.0.-.-.-.-.-.- E=-.- B=-.- F=-.-.-/0 P=0 S=0
418 c0 tick | r=0 y=2 cur=t3,t2 T=R1.R2.X2.X3.-.-.-.-.-.- s=0 Q=-.-.- M=- R=- C=1 N=0.0.0.0.-.-.-.-.-.- E=-.- B=-.- F=-.-.-/0 P=0 S=0
419 c0 tick | r=0 y=2 cur=t3,Tmr Svc T=R1.R2.R2.X3.-.-.-.-.-.- s=0 Q=-.-.- M=- R=- C=1 N=0.0.0.0.-.-.-.-.-.- E=-.- B=-.- F=-.-.-/0 P=0 S=0
420 c0 tick | r=0 y=2 cur=t3,t1 T=R1.X2.R2.X3.-.-.-.-.-.- s=0 Q=-.-.- M=- R=- C=1 N=0.0.0.0.-.-.-.-.-.- E=-.- B=-.- F=-.-.-/0 P=0 S=0
421 c0 tick | r=0 y=2 cur=t3,t2 T=R1.R2.X2.X3.-.-.-.-.-.- s=0 Q=-.-.- M=- R=- C=1 N=0.0.0.0.-.-.-.-.-.- E=-.- B=-.- F=-.-.-/0 P=0 S=0
422 c0 tick | r=0 y=2 cur=t3,Tmr Svc T=R1.R2.R2.X3.-.-.-.-.-.- s=0 Q=-.-.- M=- R=- C=1 N=0.0.0.0.-.-.-.-.-.- E=-.- B=-.- F=-.-.-/0 P=0 S=0
423 c0 tick | r=0 y=2 cur=t3,t1 T=R1.X2.R2.X3.-.-.-.-.-.- s=0 Q=-.-.- M=- R=- C=1 N=0.0.0.0.-.-.-.-.-.- E=-.- B=-.- F=-.-.-/0 P=0 S=0
424 c0 tick | r=0 y=2 cur=t3,t2 T=R1.R2.X2.X3.-.-.-.-.-.- s=0 Q=-.-.- M=- R=- C=1 N=0.0.0.0.-.-.-.-.-.- E=-.- B=-.- F=-.-.-/0 P=0 S=0
425 c0 tick | r=0 y=2 cur=t3,Tmr Svc T=R1.R2.R2.X3.-.-.-.-.-.- s=0 Q=-.-.- M=- R=- C=1 N=0.0.0.0.-.-.-.-.-.- E=-.- B=-.- F=-.-.-/0 P=0 S=0
426 c0 tick | r=0 y=2 cur=t3,t1 T=R1.X2.R2.X3.-.-.-.-.-.- s=0 Q=-.-.- M=- R=- C=1 N=0.0.0.0.-.-.-.-.-.- E=-.- B=-.- F=-.-.-/0 P=0 S=0
427 c0 tick | r=0 y=2 cur=t3,t2 T=R1.R2.X2.X3.-.-.-.-.-.- s=0 Q=-.-.- M=- R=- C=1 N=0.0.0.0.-.-.-.-.-.- E=-.- B=-.- F=-.-.-/0 P=0 S=0
428 c0 tick | r=0 y=2 cur=t3,Tmr Svc T=R1.R2.R2.X3.-.-.-.-.-.- s=0 Q=-.-.- M=- R=- C=1 N=0.0.0.0.-.-.-.-.-.- E=-.- B=-.- F=-.-.-/0 P=0 S=0
429 c0 tick | r=0 y=2 cur=t3,t1 T=R1.X2.R2.X3.-.-.-.-.-.- s=0 Q=-.-.- M=- R=- C=1 N=0.0.0.0.-.-.-.-.-.- E=-.- B=-.- F=-.-.-/0 P=0 S=0
430 c0 tick | r=0 y=2 cur=t3,t2 T=R1.R2.X2.X3.-.-.-.-.-.- s=0 Q=-.-.- M=- R=- C=1 N=0.0.0.0.-.-.-.-.-.- E=-.- B=-.- F=-.-.-/0 P=0 S=0
431 c0 tick | r=0 y=2 cur=t3,Tmr Svc T=R1.R2.R2.X3.-.-.-.-.-.- s=0 Q=-.-.- M=- R=- C=1 N=0.0.0.0.-.-.-.-.-.- E=-.- B=-.- F=-.-.-/0 P=0 S=0
432 c0 tick | r=0 y=2 cur=t3,t1 T=R1.X2.R2.X3.-.-.-.-.-.- s=0 Q=-.-.- M=- R=- C=1 N=0.0.0.0.-.-.-.-.-.- E=-.- B=-.- F=-.-.-/0 P=0 S=0
433 c0 tick | r=0 y=2 cur=t3,t2 T=R1.R2.X2.X3.-.-.-.-.-.- s=0 Q=-.-.- M=- R=- C=1 N=0.0.0.0.-.-.-.-.-.- E=-.- B=-.- F=-.-.-/0 P=0 S=0
434 c0 tick | r=0 y=2 cur=t3,Tmr Svc T=R1.R2.R2.X3.-.-.-.-.-.- s=0 Q=-.-.- M=- R=- C=1 N=0.0.0.0.-.-.-.-.-.- E=-.- B=-.- F=-.-.-/0 P=0 S=0
435 c0 tick | r=0 y=2 cur=t3,t1 T=R1.X2.R2.X3.-.-.-.-.-.- s=0 Q=-.-.- M=- R=- C=1 N=0.0.0.0.-.-.-.-.-.- E=-.- B=-.- F=-.-.-/0 P=0 S=0
436 c0 tick | r=0 y=2 cur=t3,t2 T=R1.R2.X2.X3.-.-.-.-.-.- s=0 Q=-.-.- M=- R=- C=1 N=0.0.0.0.-.-.-.-.-.- E=-.- B=-.- F=-.-.-/0 P=0 S=0
437 c0 tick | r=0 y=2 cur=t3,Tmr Svc T=R1.R2.R2.X3.-.-.-.-.-.- s=0 Q=-.-.- M=- R=- C=1 N=0.0.0.0.-.-.-.-.-.- E=-.- B=-.- F=-.-.-/0 P=0 S=0
438 c0 tick | r=0 y=2 cur=t3,t1 T=R1.X2.R2.X3.-.-.-.-.-.- s=0 Q=-.-.- M=- R=- C=1 N=0.0.0.0.-.-.-.-.-.- E=-.- B=-.- F=-.-.-/0 P=0 S=0
439 c0 tick | r=0 y=2 cur=t3,t2 T=R1.R2.X2.X3.-.-.-.-.-.- s=0 Q=-.-.- M=- R=- C=1 N=0.0.0.0.-.-.-.-.-.- E=-.- B=-.- F=-.-.-/0 P=0 S=0
440 c0 tick | r=0 y=2 cur=t3,Tmr Svc T=R1.R2.R2.X3.-.-.-.-.-.- s=0 Q=-.-.- M=- R=- C=1 N=0.0.0.0.-.-.-.-.-.- E=-.- B=-.- F=-.-.-/0 P=0 S=0
441 c0 tick | r=0 y=2 cur=t3,t1 T=R1.X2.R2.X3.-.-.-.-.-.- s=0 Q=-.-.- M=- R=- C=1 N=0.0.0.0.-.-.-.-.-.- E=-.- B=-.- F=-.-.-/0 P=0 S=0
442 c0 tick | r=0 y=2 cur=t3,t2 T=R1.R2.X2.X3.-.-.-.-.-.- s=0 Q=-.-.- M=- R=- C=1 N=0.0.0.0.-.-.-.-.-.- E=-.- B=-.- F=-.-.-/0 P=0 S=0
443 c0 tick | r=0 y=2 cur=t3,Tmr Svc T=R1.R2.R2.X3.-.-.-.-.-.- s=0 Q=-.-.- M=- R=- C=1 N=0.0.0.0.-.-.-.-.-.- E=-.- B=-.- F=-.-.-/0 P=0 S=0
444 c0 tick | r=0 y=2 cur=t3,t1 T=R1.X2.R2.X3.-.-.-.-.-.- s=0 Q=-.-.- M=- R=- C=1 N=0.0.0.0.-.-.-.-.-.- E=-.- B=-.- F=-.-.-/0 P=0 S=0
445 c0 tick | r=0 y=2 cur=t3,t2 T=R1.R2.X2.X3.-.-.-.-.-.- s=0 Q=-.-.- M=- R=- C=1 N=0.0.0.0.-.-.-.-.-.- E=-.- B=-.- F=-.-.-/0 P=0 S=0
446 c0 tick | r=0 y=2 cur=t3,Tmr Svc T=R1.R2.R2.X3.-.-.-.-.-.- s=0 Q=-.-.- M=- R=- C=1 N=0.0.0.0.-.-.-.-.-.- E=-.- B=-.- F=-.-.-/0 P=0 S=0
447 c0 tick | r=0 y=2 cur=t3,t1 T=R1.X2.R2.X3.-.-.-.-.-.- s=0 Q=-.-.- M=- R=- C=1 N=0.0.0.0.-.-.-.-.-.- E=-.- B=-.- F=-.-.-/0 P=0 S=0
448 c0 tick | r=0 y=2 cur=t3,t2 T=R1.R2.X2.X3.-.-.-.-.-.- s=0 Q=-.-.- M=- R=- C=1 N=0.0.0.0.-.-.-.-.-.- E=-.- B=-.- F=-.-.-/0 P=0 S=0
449 c0 tick | r=0 y=2 cur=t3,Tmr Svc T=R1.R2.R2.X3.-.-.-.-.-.- s=0 Q=-.-.- M=- R=- C=1 N=0.0.0.0.-.-.-.-.-.- E=-.- B=-.- F=-.-.-/0 P=0 S=0
450 c0 tick | r=0 y=2 cur=t3,t1 T=R1.X2.R2.X3.-.-.-.-.-.- s=0 Q=-.-.- M=- R=- C=1 N=0.0.0.0.-.-.-.-.-.- E=-.- B=-.- F=-.-.-/0 P=0 S=0
451 c0 tick | r=0 y=2 cur=t3,t2 T=R1.R2.X2.X3.-.-.-.-.-.- s=0 Q=-.-.- M=- R=- C=1 N=0.0.0.0.-.-.-.-.-.- E=-.- B=-.- F=-.-.-/0 P=0 S=0
452 c0 tick | r=0 y=2 cur=t3,Tmr Svc T=R1.R2.R2.X3.-.-.-.-.-.- s=0 Q=-.-.- M=- R=- C=1 N=0.0.0.0.-.-.-.-.-.- E=-.- B=-.- F=-.-.-/0 P=0 S=0
453 c0 tick | r=0 y=2 cur=t3,t1 T=R1.X2.R2.X3.-.-.-.-.-.- s=0 Q=-.-.- M=- R=- C=1 N=0.0.0.0.-.-.-.-.-.- E=-.- B=-.- F=-.-.-/0 P=0 S=0
454 c0 tick | r=0 y=2 cur=t3,t2 T=R1.R2.X2.X3.-.-.-.-.-.- s=0 Q=-.-.- M=- R=- C=1 N=0.0.0.0.-.-.-.-.-.- E=-.- B=-.- F=-.-.-/0 P=0 S=0
455 c0 tick | r=0 y=2 cur=t3,Tmr Svc T=R1.R2.R2.X3.-.-.-.-.-.- s=0 Q=-.-.- M=- R=- C=1 N=0.0.0.0.-.-.-.-.-.- E=-.- B=-.- F=-.-.-/0 P=0 S=0
456 c0 tick | r=0 y=2 cur=t3,t1 T=R1.X2.R2.X3.-.-.-.-.-.- s=0 Q=-.-.- M=- R=- C=1 N=0.0.0.0.-.-.-.-.-.- E=-.- B=-.- F=-.-.-/0 P=0 S=0
457 c0 tick | r=0 y=2 cur=t3,t2 T=R1.R2.X2.X3.-.-.-.-.-.- s=0 Q=-.-.- M=- R=- C=1 N=0.0.0.0.-.-.-.-.-.- E=-.- B=-.- F=-.-.-/0 P=0 S=0
458 c0 tick | r=0 y=2 cur=t3,Tmr Svc T=R1.R2.R2.X3.-.-.-.-.-.- s=0 Q=-.-.- M=- R=- C=1 N=0.0.0.0.-.-.-.-.-.- E=-.- B=-.- F=-.-.-/0 P=0 S=0
459 c0 tick | r=0 y=2 cur=t3,t1 T=R1.X2.R2.X3.-.-.-.-.-.- s=0 Q=-.-.- M=- R=- C=1 N=0.0.0.0.-.-.-.-.-.- E=-.- B=-.- F=-.-.-/0 P=0 S=0
460 c0 tick | r=0 y=2 cur=t3,t2 T=R1.R2.X2.X3.-.-.-.-.-.- s=0 Q=-.-.- M=- R=- C=1 N=0.0.0.0.-.-.-.-.-.- E=-.- B=-.- F=-.-.-/0 P=0 S=0
461 c0 tick | r=0 y=2 cur=t3,Tmr Svc T=R1.R2.R2.X3.-.-.-.-.-.- s=0 Q=-.-.- M=- R=- C=1 N=0.0.0.0.-.-.-.-.-.- E=-.- B=-.- F=-.-.-/0 P=0 S=0
462 c0 tick | r=0 y=2 cur=t3,t1 T=R1.X2.R2.X3.-.-.-.-.-.- s=0 Q=-.-.- M=- R=- C=1 N=0.0.0.0.-.-.-.-.-.- E=-.- B=-.- F=-.-.-/0 P=0 S=0
463 c0 tick | r=0 y=2 cur=t3,t2 T=R1.R2.X2.X3.-.-.-.-.-.- s=0 Q=-.-.- M=- R=- C=1 N=0.0.0.0.-.-.-.-.-.- E=-.- B=-.- F=-.-.-/0 P=0 S=0
464 c0 tick | r=0 y=2 cur=t3,Tmr Svc T=R1.R2.R2.X3.-.-.-.-.-.- s=0 Q=-.-.- M=- R=- C=1 N=0.0.0.0.-.-.-.-.-.- E=-.- B=-.- F=-.-.-/0 P=0 S=0
465 c0 tick | r=0 y=2 cur=t3,t1 T=R1.X2.R2.X3.-.-.-.-.-.- s=0 Q=-.-.- M=- R=- C=1 N=0.0.0.0.-.-.-.-.-.- E=-.- B=-.- F=-.-.-/0 P=0 S=0
466 c0 tick | r=0 y=2 cur=t3,t2 T=R1.R2.X2.X3.-.-.-.-.-.- s=0 Q=-.-.- M=- R=- C=1 N=0.0.0.0.-.-.-.-.-.- E=-.- B=-.- F=-.-.-/0 P=0 S=0
467 c0 tick | r=0 y=2 cur=t3,Tmr Svc T=R1.R2.R2.X3.-.-.-.-.-.- s=0 Q=-.-.- M=- R=- C=1 N=0.0.0.0.-.-.-.-.-.- E=-.- B=-.- F=-.-.-/0 P=0 S=0
468 c0 tick | r=0 y=2 cur=t3,t1 T=R1.X2.R2.X3.-.-.-.-.-.- s=0 Q=-.-.- M=- R=- C=1 N=0.0.0.0.-.-.-.-.-.- E=-.- B=-.- F=-.-.-/0 P=0 S=0
469 c0 tick | r=0 y=2 cur=t3,t2 T=R1.R2.X2.X3.-.-.-.-.-.- s=0 Q=-.-.- M=- R=- C=1 N=0.0.0.0.-.-.-.-.-.- E=-.- B=-.- F=-.-.-/0 P=0 S=0
470 c0 tick | r=0 y=2 cur=t3,Tmr Svc T=R1.R2.R2.X3.-.-.-.-.-.- s=0 Q=-.-.- M=- R=- C=1 N=0.0.0.0.-.-.-.-.-.- E=-.- B=-.- F=-.-.-/0 P=0 S=0
471 c0 tick | r=0 y=2 cur=t3,t1 T=R1.X2.R2.X3.-.-.-.-.-.- s=0 Q=-.-.- M=- R=- C=1 N=0.0.0.0.-.-.-.-.-.- E=-.- B=-.- F=-.-.-/0 P=0 S=0
472 c0 tick | r=0 y=2 cur=t3,t2 T=R1.R2.X2.X3.-.-.-.-.-.- s=0 Q=-.-.- M=- R=- C=1 N=0.0.0.0.-.-.-.-.-.- E=-.- B=-.- F=-.-.-/0 P=0 S=0
473 c0 tick | r=0 y=2 cur=t3,Tmr Svc T=R1.R2.R2.X3.-.-.-.-.-.- s=0 Q=-.-.- M=- R=- C=1 N=0.0.0.0.-.-.-.-.-.- E=-.- B=-.- F=-.-.-/0 P=0 S=0
474 c0 tick | r=0 y=2 cur=t3,t1 T=R1.X2.R2.X3.-.-.-.-.-.- s=0 Q=-.-.- M=- R=- C=1 N=0.0.0.0.-.-.-.-.-.- E=-.- B=-.- F=-.-.-/0 P=0 S=0
475 c0 tick | r=0 y=2 cur=t3,t2 T=R1.R2.X2.X3.-.-.-.-.-.- s=0 Q=-.-.- M=- R=- C=1 N=0.0.0.0.-.-.-.-.-.- E=-.- B=-.- F=-.-.-/0 P=0 S=0
476 c0 tick | r=0 y=2 cur=t3,Tmr Svc T=R1.R2.R2.X3.-.-.-.-.-.- s=0 Q=-.-.- M=- R=- C=1 N=0.0.0.0.-.-.-.-.-.- E=-.- B=-.- F=-.-.-/0 P=0 S=0
477 c0 tick | r=0 y=2 cur=t3,t1 T=R1.X2.R2.X3.-.-.-.-.-.- s=0 Q=-.-.- M=- R=- C=1 N=0.0.0.0.-.-.-.-.-.- E=-.- B=-.- F=-.-.-/0 P=0 S=0
478 c0 tick | r=0 y=2 cur=t3,t2 T=R1.R2.X2.X3.-.-.-.-.-.- s=0 Q=-.-.- M=- R=- C=1 N=0.0.0.0.-.-.-.-.-.- E=-.- B=-.- F=-.-.-/0 P=0 S=0
479 c0 tick | r=0 y=2 cur=t3,Tmr Svc T=R1.R2.R2.X3.-.-.-.-.-.- s=0 Q=-.-.- M=- R=- C=1 N=0.0.0.0.-.-.-.-.-.- E=-.- B=-.- F=-.-.-/0 P=0 S=0
480 c0 tick | r=0 y=2 cur=t3,t1 T=R1.X2.R2.X3.-.-.-.-.-.- s=0 Q=-.-.- M=- R=- C=1 N=0.0.0.0.-.-.-.-.-.- E=-.- B=-.- F=-.-.-/0 P=0 S=0
481 c0 tick | r=0 y=2 cur=t3,t2 T=R1.R2.X2.X3.-.-.-.-.-.- s=0 Q=-.-.- M=- R=- C=1 N=0.0.0.0.-.-.-.-.-.- E=-.- B=-.- F=-.-.-/0 P=0 S=0
482 c0 tick | r=0 y=2 cur=t3,Tmr Svc T=R1.R2.R2.X3.-.-.-.-.-.- s=0 Q=-.-.- M=- R=- C=1 N=0.0.0.0.-.-.-.-.-.- E=-.- B=-.- F=-.-.-/0 P=0 S=0
483 c0 tick | r=0 y=2 cur=t3,t1 T=R1.X2.R2.X3.-.-.-.-.-.- s=0 Q=-.-.- M=- R=- C=1 N=0.0.0.0.-.-.-.-.-.- E=-.- B=-.- F=-.-.-/0 P=0 S=0
484 c0 tick | r=0 y=2 cur=t3,t2 T=R1.R2.X2.X3.-.-.-.-.-.- s=0 Q=-.-.- M=- R=- C=1 N=0.0.0.0.-.-.-.-.-.- E=-.- B=-.- F=-.-.-/0 P=0 S=0
485 c0 tick | r=0 y=2 cur=t3,Tmr Svc T=R1.R2.R2.X3.-.-.-.-.-.- s=0 Q=-.-.- M=- R=- C=1 N=0.0.0.0.-.-.-.-.-.- E=-.- B=-.- F=-.-.-/0 P=0 S=0
486 c0 tick | r=0 y=2 cur=t3,t1 T=R1.X2.R2.X3.-.-.-.-.-.- s=0 Q=-.-.- M=- R=- C=1 N=0.0.0.0.-.-.-.-.-.- E=-.- B=-.- F=-.-.-/0 P=0 S=0
487 c0 tick | r=0 y=2 cur=t3,t2 T=R1.R2.X2.X3.-.-.-.-.-.- s=0 Q=-.-.- M=- R=- C=1 N=0.0.0.0.-.-.-.-.-.- E=-.- B=-.- F=-.-.-/0 P=0 S=0
488 c0 tick | r=0 y=2 cur=t3,Tmr Svc T=R1.R2.R2.X3.-.-.-.-.-.- s=0 Q=-.-.- M=- R=- C=1 N=0.0.0.0.-.-.-.-.-.- E=-.- B=-.- F=-.-.-/0 P=0 S=0
489 c0 tick | r=0 y=2 cur=t3,t1 T=R1.X2.R2.X3.-.-.-.-.-.- s=0 Q=-.-.- M=- R=- C=1 N=0.0.0.0.-.-.-.-.-.- E=-.- B=-.- F=-.-.-/0 P=0 S=0
490 c0 tick | r=0 y=2 cur=t3,t2 T=R1.R2.X2.X3.-.-.-.-.-.- s=0 Q=-.-.- M=- R=- C=1 N=0.0.0.0.-.-.-.-.-.- E=-.- B=-.- F=-.-.-/0 P=0 S=0
491 c0 tick | r=0 y=2 cur=t3,Tmr Svc T=R1.R2.R2.X3.-.-.-.-.-.- s=0 Q=-.-.- M=- R=- C=1 N=0.0.0.0.-.-.-.-.-.- E=-.- B=-.- F=-.-.-/0 P=0 S=0
492 c0 tick | r=0 y=2 cur=t3,t1 T=R1.X2.R2.X3.-.-.-.-.-.- s=0 Q=-.-.- M=- R=- C=1 N=0.0.0.0.-.-.-.-.-.- E=-.- B=-.- F=-.-.-/0 P=0 S=0
493 c0 tick | r=0 y=2 cur=t3,t2 T=R1.R2.X2.X3.-.-.-.-.-.- s=0 Q=-.-.- M=- R=- C=1 N=0.0.0.0.-.-.-.-.-.- E=-.- B=-.- F=-.-.-/0 P=0 S=0
494 c0 tick | r=0 y=2 cur=t3,Tmr Svc T=R1.R2.R2.X3.-.-.-.-.-.- s=0 Q=-.-.- M=- R=- C=1 N=0.0.0.0.-.-.-.-.-.- E=-.- B=-.- F=-.-.-/0 P=0 S=0
495 c0 tick | r=0 y=2 cur=t3,t1 T=R1.X2.R2.X3.-.-.-.-.-.- s=0 Q=-.-.- M=- R=- C=1 N=0.0.0.0.-.-.-.-.-.- E=-.- B=-.- F=-.-.-/0 P=0 S=0
496 c0 tick | r=0 y=2 cur=t3,t2 T=R1.R2.X2.X3.-.-.-.-.-.- s=0 Q=-.-.- M=- R=- C=1 N=0.0.0.0.-.-.-.-.-.- E=-.- B=-.- F=-.-.-/0 P=0 S=0
497 c0 tick | r=0 y=2 cur=t3,Tmr Svc T=R1.R2.R2.X3.-.-.-.-.-.- s=0 Q=-.-.- M=- R=- C=1 N=0.0.0.0.-.-.-.-.-.- E=-.- B=-.- F=-.-.-/0 P=0 S=0
498 c0 tick | r=0 y=2 cur=t3,t1 T=R1.X2.R2.X3.-.-.-.-.-.- s=0 Q=-.-.- M=- R=- C=1 N=0.0.0.0.-.-.-.-.-.- E=-.- B=-.- F=-.-.-/0 P=0 S=0
499 c0 tick | r=0 y=2 cur=t3,t2 T=R1.R2.X2.X3.-.-.-.-.-.- s=0 Q=-.-.- M=- R=- C=1 N=0.0.0.0.-.-.-.-.-.- E=-.- B=-.- F=-.-.-/0 P=0 S=0
500 c0 tick | r=0 y=2 cur=t3,Tmr Svc T=R1.R2.R2.X3.-.-.-.-.-.- s=0 Q=-.-.- M=- R=- C=1 N=0.0.0.0.-.-.-.-.-.- E=-.- B=-.- F=-.-.-/0 P=0 S=0
501 c0 tick | r=0 y=2 cur=t3,t1 T=R1.X2.R2.X3.-.-.-.-.-.- s=0 Q=-.-.- M=- R=- C=1 N=0.0.0.0.-.-.-.-.-.- E=-.- B=-.- F=-.-.-/0 P=0 S=0
502 c0 tick | r=0 y=2 cur=t3,t2 T=R1.R2.X2.X3.-.-.-.-.-.- s=0 Q=-.-.- M=- R=- C=1 N=0.0.0.0.-.-.-.-.-.- E=-.- B=-.- F=-.-.-/0 P=0 S=0
503 c0 tick | r=0 y=2 cur=t3,Tmr Svc T=R1.R2.R2.X3.-.-.-.-.-.- s=0 Q=-.-.- M=- R=- C=1 N=0.0.0.0.-.-.-.-.-.- E=-.- B=-.- F=-.-.-/0 P=0 S=0
504 c0 tick | r=0 y=2 cur=t3,t1 T=R1.X2.R2.X3.-.-.-.-.-.- s=0 Q=-.-.- M=- R=- C=1 N=0.0.0.0.-.-.-.-.-.- E=-.- B=-.- F=-.-.-/0 P=0 S=0
505 c0 tick | r=0 y=2 cur=t3,t2 T=R1.R2.X2.X3.-.-.-.-.-.- s=0 Q=-.-.- M=- R=- C=1 N=0.0.0.0.-.-.-.-.-.- E=-.- B=-.- F=-.-.-/0 P=0 S=0
506 c0 tick | r=0 y=2 cur=t3,Tmr Svc T=R1.R2.R2.X3.-.-.-.-.-.- s=0 Q=-.-.- M=- R=- C=1 N=0.0.0.0.-.-.-.-.-.- E=-.- B=-.- F=-.-.-/0 P=0 S=0
507 c0 tick | r=0 y=2 cur=t3,t1 T=R1.X2.R2.X3.-.-.-.-.-.- s=0 Q=-.-.- M=- R=- C=1 N=0.0.0.0.-.-.-.-.-.- E=-.- B=-.- F=-.-.-/0 P=0 S=0
508 c0 tick | r=0 y=2 cur=t3,t2 T=R1.R2.X2.X3.-.-.-.-.-.- s=0 Q=-.-.- M=- R=- C=1 N=0.0.0.0.-.-.-.-.-.- E=-.- B=-.- F=-.-.-/0 P=0 S=0
509 c0 tick | r=0 y=2 cur=t3,Tmr Svc T=R1.R2.R2.X3.-.-.-.-.-.- s=0 Q=-.-.- M=- R=- C=1 N=0.0.0.0.-.-.-.-.-.- E=-.- B=-.- F=-.-.-/0 P=0 S=0
510 c0 tick | r=0 y=2 cur=t3,t1 T=R1.X2.R2.X3.-.-.-.-.-.- s=0 Q=-.-.- M=- R=- C=1 N=0.0.0.0.-.-.-.-.-.- E=-.- B=-.- F=-.-.-/0 P=0 S=0
511 c0 tick | r=0 y=2 cur=t3,t2 T=R1.R2.X2.X3.-.-.-.-.-.- s=0 Q=-.-.- M=- R=- C=1 N=0.0.0.0.-.-.-.-.-.- E=-.- B=-.- F=-.-.-/0 P=0 S=0
512 c0 tick | r=0 y=2 cur=t3,Tmr Svc T=R1.R2.R2.X3.-.-.-.-.-.- s=0 Q=-.-.- M=- R=- C=1 N=0.0.0.0.-.-.-.-.-.- E=-.- B=-.- F=-.-.-/0 P=0 S=0
513 c0 tick | r=0 y=2 cur=t3,t1 T=R1.X2.R2.X3.-.-.-.-.-.- s=0 Q=-.-.- M=- R=- C=1 N=0.0.0.0.-.-.-.-.-.- E=-.- B=-.- F=-.-.-/0 P=0 S=0
514 c0 tick | r=0 y=2 cur=t3,t2 T=R1.R2.X2.X3.-.-.-.-.-.- s=0 Q=-.-.- M=- R=- C=1 N=0.0.0.0.-.-.-.-.-.- E=-.- B=-.- F=-.-.-/0 P=0 S=0
515 c0 tick | r=0 y=2 cur=t3,Tmr Svc T=R1.R2.R2.X3.-.-.-.-.-.- s=0 Q=-.-.- M=- R=- C=1 N=0.0.0.0.-.-.-.-.-.- E=-.- B=-.- F=-.-.-/0 P=0 S=0
516 c0 tick | r=0 y=2 cur=t3,t1 T=R1.X2.R2.X3.-.-.-.-.-.- s=0 Q=-.-.- M=- R=- C=1 N=0.0.0.0.-.-.-.-.-.- E=-.- B=-.- F=-.-.-/0 P=0 S=0
517 c0 tick | r=0 y=2 cur=t3,t2 T=R1.R2.X2.X3.-.-.-.-.-.- s=0 Q=-.-.- M=- R=- C=1 N=0.0.0.0.-.-.-.-.-.- E=-.- B=-.- F=-.-.-/0 P=0 S=0
518 c0 tick | r=0 y=2 cur=t3,Tmr Svc T=R1.R2.R2.X3.-.-.-.-.-.- s=0 Q=-.-.- M=- R=- C=1 N=0.0.0.0.-.-.-.-.-.- E=-.- B=-.- F=-.-.-/0 P=0 S=0
519 c0 tick | r=0 y=2 cur=t3,t1 T=R1.X2.R2.X3.-.-.-.-.-.- s=0 Q=-.-.- M=- R=- C=1 N=0.0.0.0.-.-.-.-.-.- E=-.- B=-.- F=-.-.-/0 P=0 S=0
520 c0 tick | r=0 y=2 cur=t3,t2 T=R1.R2.X2.X3.-.-.-.-.-.- s=0 Q=-.-.- M=- R=- C=1 N=0.0.0.0.-.-.-.-.-.- E=-.- B=-.- F=-.-.-/0 P=0 S=0
521 c0 tick | r=0 y=2 cur=t3,Tmr Svc T=R1.R2.R2.X3.-.-.-.-.-.- s=0 Q=-.-.- M=- R=- C=1 N=0.0.0.0.-.-.-.-.-.- E=-.- B=-.- F=-.-.-/0 P=0 S=0
522 c0 tick | r=0 y=2 cur=t3,t1 T=R1.X2.R2.X3.-.-.-.-.-.- s=0 Q=-.-.- M=- R=- C=1 N=0.0.0.0.-.-.-.-.-.- E=-.- B=-.- F=-.-.-/0 P=0 S=0
523 c0 tick | r=0 y=2 cur=t3,t2 T=R1.R2.X2.X3.-.-.-.-.-.- s=0 Q=-.-.- M=- R=- C=1 N=0.0.0.0.-.-.-.-.-.- E=-.- B=-.- F=-.-.-/0 P=0 S=0
524 c0 tick | r=0 y=2 cur=t3,Tmr Svc T=R1.R2.R2.X3.-.-.-.-.-.- s=0 Q=-.-.- M=- R=- C=1 N=0.0.0.0.-.-.-.-.-.- E=-.- B=-.- F=-.-.-/0 P=0 S=0
525 c0 tick | r=0 y=2 cur=t3,t1 T=R1.X2.R2.X3.-.-.-.-.-.- s=0 Q=-.-.- M=- R=- C=1 N=0.0.0.0.-.-.-.-.-.- E=-.- B=-.- F=-.-.-/0 P=0 S=0
526 c0 tick | r=0 y=2 cur=t3,t2 T=R1.R2.X2.X3.-.-.-.-.-.- s=0 Q=-.-.- M=- R=- C=1 N=0.0.0.0.-.-.-.-.-.- E=-.- B=-.- F=-.-.-/0 P=0 S=0
527 c0 tick | r=0 y=2 cur=t3,Tmr Svc T=R1.R2.R2.X3.-.-.-.-.-.- s=0 Q=-.-.- M=- R=- C=1 N=0.0.0.0.-.-.-.-.-.- E=-.- B=-.- F=-.-.-/0 P=0 S=0
528 c0 tick | r=0 y=2 cur=t3,t1 T=R1.X2.R2.X3.-.-.-.-.-.- s=0 Q=-.-.- M=- R=- C=1 N=0.0.0.0.-.-.-.-.-.- E=-.- B=-.- F=-.-.-/0 P=0 S=0
529 c0 tick | r=0 y=2 cur=t3,t2 T=R1.R2.X2.X3.-.-.-.-.-.- s=0 Q=-.-.- M=- R=- C=1 N=0.0.0.0.-.-.-.-.-.- E=-.- B=-.- F=-.-.-/0 P=0 S=0
530 c0 tick | r=0 y=2 cur=t3,Tmr Svc T=R1.R2.R2.X3.-.-.-.-.-.- s=0 Q=-.-.- M=- R=- C=1 N=0.0.0.0.-.-.-.-.-.- E=-.- B=-.- F=-.-.-/0 P=0 S=0
531 c0 tick | r=0 y=2 cur=t3,t1 T=R1.X2.R2.X3.-.-.-.-.-.- s=0 Q=-.-.- M=- R=- C=1 N=0.0.0.0.-.-.-.-.-.- E=-.- B=-.- F=-.-.-/0 P=0 S=0
532 c0 tick | r=0 y=2 cur=t3,t2 T=R1.R2.X2.X3.-.-.-.-.-.- s=0 Q=-.-.- M=- R=- C=1 N=0.0.0.0.-.-.-.-.-.- E=-.- B=-.- F=-.-.-/0 P=0 S=0
533 c0 tick | r=0 y=2 cur=t3,Tmr Svc T=R1.R2.R2.X3.-.-.-.-.-.- s=0 Q=-.-.- M=- R=- C=1 N=0.0.0.0.-.-.-.-.-.- E=-.- B=-.- F=-.-.-/0 P=0 S=0
534 c0 tick | r=0 y=2 cur=t3,t1 T=R1.X2.R2.X3.-.-.-.-.-.- s=0 Q=-.-.- M=- R=- C=1 N=0.0.0.0.-.-.-.-.-.- E=-.- B=-.- F=-.-.-/0 P=0 S=0
535 c0 tick | r=0 y=2 cur=t3,t2 T=R1.R2.X2.X3.-.-.-.-.-.- s=0 Q=-.-.- M=- R=- C=1 N=0.0.0.0.-.-.-.-.-.- E=-.- B=-.- F=-.-.-/0 P=0 S=0
536 c0 tick | r=0 y=2 cur=t3,Tmr Svc T=R1.R2.R2.X3.-.-.-.-.-.- s=0 Q=-.-.- M=- R=- C=1 N=0.0.0.0.-.-.-.-.-.- E=-.- B=-.- F=-.-.-/0 P=0 S=0
537 c0 tick | r=0 y=2 cur=t3,t1 T=R1.X2.R2.X3.-.-.-.-.-.- s=0 Q=-.-.- M=- R=- C=1 N=0.0.0.0.-.-.-.-.-.- E=-.- B=-.- F=-.-.-/0 P=0 S=0
538 c0 tick | r=0 y=2 cur=t3,t2 T=R1.R2.X2.X3.-.-.-.-.-.- s=0 Q=-.-.- M=- R=- C=1 N=0.0.0.0.-.-.-.-.-.- E=-.- B=-.- F=-.-.-/0 P=0 S=0
539 c0 tick | r=0 y=2 cur=t3,Tmr Svc T=R1.R2.R2.X3.-.-.-.-.-.- s=0 Q=-.-.- M=- R=- C=1 N=0.0.0.0.-.-.-.-.-.- E=-.- B=-.- F=-.-.-/0 P=0 S=0
540 c0 tick | r=0 y=2 cur=t3,t1 T=R1.X2.R2.X3.-.-.-.-.-.- s=0 Q=-.-.- M=- R=- C=1 N=0.0.0.0.-.-.-.-.-.- E=-.- B=-.- F=-.-.-/0 P=0 S=0
541 c0 tick | r=0 y=2 cur=t3,t2 T=R1.R2.X2.X3.-.-.-.-.-.- s=0 Q=-.-.- M=- R=- C=1 N=0.0.0.0.-.-.-.-.-.- E=-.- B=-.- F=-.-.-/0 P=0 S=0
542 c0 tick | r=0 y=2 cur=t3,Tmr Svc T=R1.R2.R2.X3.-.-.-.-.-.- s=0 Q=-.-.- M=- R=- C=1 N=0.0.0.0.-.-.-.-.-.- E=-.- B=-.- F=-.-.-/0 P=0 S=0
543 c0 tick | r=0 y=2 cur=t3,t1 T=R1.X2.R2.X3.-.-.-.-.-.- s=0 Q=-.-.- M=- R=- C=1 N=0.0.0.0.-.-.-.-.-.- E=-.- B=-.- F=-.-.-/0 P=0 S=0
544 c0 tick | r=0 y=2 cur=t3,t2 T=R1.R2.X2.X3.-.-.-.-.-.- s=0 Q=-.-.- M=- R=- C=1 N=0.0.0.0.-.-.-.-.-.- E=-.- B=-.- F=-.-.-/0 P=0 S=0
545 c0 tick | r=0 y=2 cur=t3,Tmr Svc T=R1.R2.R2.X3.-.-.-.-.-.- s=0 Q=-.-.- M=- R=- C=1 N=0.0.0.0.-.-.-.-.-.- E=-.- B=-.- F=-.-.-/0 P=0 S=0
546 c0 tick | r=0 y=2 cur=t3,t1 T=R1.X2.R2.X3.-.-.-.-.-.- s=0 Q=-.-.- M=- R=- C=1 N=0.0.0.0.-.-.-.-.-.- E=-.- B=-.- F=-.-.-/0 P=0 S=0
547 c0 tick | r=0 y=2 cur=t3,t2 T=R1.R2.X2.X3.-.-.-.-.-.- s=0 Q=-.-.- M=- R=- C=1 N=0.0.0.0.-.-.-.-.-.- E=-.- B=-.- F=-.-.-/0 P=0 S=0
548 c0 tick | r=0 y=2 cur=t3,Tmr Svc T=R1.R2.R2.X3.-.-.-.-.-.- s=0 Q=-.-.- M=- R=- C=1 N=0.0.0.0.-.-.-.-.-.- E=-.- B=-.- F=-.-.-/0 P=0 S=0
549 c0 tick | r=0 y=2 cur=t3,t1 T=R1.X2.R2.X3.-.-.-.-.-.- s=0 Q=-.-.- M=- R=- C=1 N=0.0.0.0.-.-.-.-.-.- E=-.- B=-.- F=-.-.-/0 P=0 S=0
550 c0 tick | r=0 y=2 cur=t3,t2 T=R1.R2.X2.X3.-.-.-.-.-.- s=0 Q=-.-.- M=- R=- C=1 N=0.0.0.0.-.-.-.-.-.- E=-.- B=-.- F=-.-.-/0 P=0 S=0
551 c0 tick | r=0 y=2 cur=t3,Tmr Svc T=R1.R2.R2.X3.-.-.-.-.-.- s=0 Q=-.-.- M=- R=- C=1 N=0.0.0.0.-.-.-.-.-.- E=-.- B=-.- F=-.-.-/0 P=0 S=0
552 c0 tick | r=0 y=2 cur=t3,t1 T=R1.X2.R2.X3.-.-.-.-.-.- s=0 Q=-.-.- M=- R=- C=1 N=0.0.0.0.-.-.-.-.-.- E=-.- B=-.- F=-.-.-/0 P=0 S=0
553 c0 tick | r=0 y=2 cur=t3,t2 T=R1.R2.X2.X3.-.-.-.-.-.- s=0 Q=-.-.- M=- R=- C=1 N=0.0.0.0.-.-.-.-.-.- E=-.- B=-.- F=-.-.-/0 P=0 S=0
554 c0 tick | r=0 y=2 cur=t3,Tmr Svc T=R1.R2.R2.X3.-.-.-.-.-.- s=0 Q=-.-.- M=- R=- C=1 N=0.0.0.0.-.-.-.-.-.- E=-.- B=-.- F=-.-.-/0 P=0 S=0
555 c0 tick | r=0 y=2 cur=t3,t1 T=R1.X2.R2.X3.-.-.-.-.-.- s=0 Q=-.-.- M=- R=- C=1 N=0.0.0.0.-.-.-.-.-.- E=-.- B=-.- F=-.-.-/0 P=0 S=0
556 c0 tick | r=0 y=2 cur=t3,t2 T=R1.R2.X2.X3.-.-.-.-.-.- s=0 Q=-.-.- M=- R=- C=1 N=0.0.0.0.-.-.-.-.-.- E=-.- B=-.- F=-.-.-/0 P=0 S=0
557 c0 tick | r=0 y=2 cur=t3,Tmr Svc T=R1.R2.R2.X3.-.-.-.-.-.- s=0 Q=-.-.- M=- R=- C=1 N=0.0.0.0.-.-.-.-.-.- E=-.- B=-.- F=-.-.-/0 P=0 S=0
558 c0 tick | r=0 y=2 cur=t3,t1 T=R1.X2.R2.X3.-.-.-.-.-.- s=0 Q=-.-.- M=- R=- C=1 N=0.0.0.0.-.-.-.-.-.- E=-.- B=-.- F=-.-.-/0 P=0 S=0
559 c0 tick | r=0 y=2 cur=t3,t2 T=R1.R2.X2.X3.-.-.-.-.-.- s=0 Q=-.-.- M=- R=- C=1 N=0.0.0.0.-.-.-.-.-.- E=-.- B=-.- F=-.-.-/0 P=0 S=0
560 c0 tick | r=0 y=2 cur=t3,Tmr Svc T=R1.R2.R2.X3.-.-.-.-.-.- s=0 Q=-.-.- M=- R=- C=1 N=0.0.0.0.-.-.-.-.-.- E=-.- B=-.- F=-.-.-/0 P=0 S=0
561 c0 tick | r=0 y=2 cur=t3,t1 T=R1.X2.R2.X3.-.-.-.-.-.- s=0 Q=-.-.- M=- R=- C=1 N=0.0.0.0.-.-.-.-.-.- E=-.- B=-.- F=-.-.-/0 P=0 S=0
562 c0 tick | r=0 y=2 cur=t3,t2 T=R1.R2.X2.X3.-.-.-.-.-.- s=0 Q=-.-.- M=- R=- C=1 N=0.0.0.0.-.-.-.-.-.- E=-.- B=-.- F=-.-.-/0 P=0 S=0
563 c0 tick | r=0 y=2 cur=t3,Tmr Svc T=R1.R2.R2.X3.-.-.-.-.-.- s=0 Q=-.-.- M=- R=- C=1 N=0.0.0.0.-.-.-.-.-.- E=-.- B=-.- F=-.-.-/0 P=0 S=0
564 c0 tick | r=0 y=2 cur=t3,t1 T=R1.X2.R2.X3.-.-.-.-.-.- s=0 Q=-.-.- M=- R=- C=1 N=0.0.0.0.-.-.-.-.-.- E=-.- B=-.- F=-.-.-/0 P=0 S=0
565 c0 tick | r=0 y=2 cur=t3,t2 T=R1.R2.X2.X3.-.-.-.-.-.- s=0 Q=-.-.- M=- R=- C=1 N=0.0.0.0.-.-.-.-.-.- E=-.- B=-.- F=-.-.-/0 P=0 S=0
566 c0 tick | r=0 y=2 cur=t3,Tmr Svc T=R1.R2.R2.X3.-.-.-.-.-.- s=0 Q=-.-.- M=- R=- C=1 N=0.0.0.0.-.-.-.-.-.- E=-.- B=-.- F=-.-.-/0 P=0 S=0
567 c0 tick | r=0 y=2 cur=t3,t1 T=R1.X2.R2.X3.-.-.-.-.-.- s=0 Q=-.-.- M=- R=- C=1 N=0.0.0.0.-.-.-.-.-.- E=-.- B=-.- F=-.-.-/0 P=0 S=0
568 c0 tick | r=0 y=2 cur=t3,t2 T=R1.R2.X2.X3.-.-.-.-.-.- s=0 Q=-.-.- M=- R=- C=1 N=0.0.0.0.-.-.-.-.-.- E=-.- B=-.- F=-.-.-/0 P=0 S=0
569 c0 tick | r=0 y=2 cur=t3,Tmr Svc T=R1.R2.R2.X3.-.-.-.-.-.- s=0 Q=-.-.- M=- R=- C=1 N=0.0.0.0.-.-.-.-.-.- E=-.- B=-.- F=-.-.-/0 P=0 S=0
570 c0 tick | r=0 y=2 cur=t3,t1 T=R1.X2.R2.X3.-.-.-.-.-.- s=0 Q=-.-.- M=- R=- C=1 N=0.0.0.0.-.-.-.-.-.- E=-.- B=-.- F=-.-.-/0 P=0 S=0
571 c0 tick | r=0 y=2 cur=t3,t2 T=R1.R2.X2.X3.-.-.-.-.-.- s=0 Q=-.-.- M=- R=- C=1 N=0.0.0.0.-.-.-.-.-.- E=-.- B=-.- F=-.-.-/0 P=0 S=0
572 c0 tick | r=0 y=2 cur=t3,Tmr Svc T=R1.R2.R2.X3.-.-.-.-.-.- s=0 Q=-.-.- M=- R=- C=1 N=0.0.0.0.-.-.-.-.-.- E=-.- B=-.- F=-.-.-/0 P=0 S=0
573 c0 tick | r=0 y=2 cur=t3,t1 T=R1.X2.R2.X3.-.-.-.-.-.- s=0 Q=-.-.- M=- R=- C=1 N=0.0.0.0.-.-.-.-.-.- E=-.- B=-.- F=-.-.-/0 P=0 S=0
574 c0 tick | r=0 y=2 cur=t3,t2 T=R1.R2.X2.X3.-.-.-.-.-.- s=0 Q=-.-.- M=- R=- C=1 N=0.0.0.0.-.-.-.-.-.- E=-.- B=-.- F=-.-.-/0 P=0 S=0
575 c0 tick | r=0 y=2 cur=t3,Tmr Svc T=R1.R2.R2.X3.-.-.-.-.-.- s=0 Q=-.-.- M=- R=- C=1 N=0.0.0.0.-.-.-.-.-.- E=-.- B=-.- F=-.-.-/0 P=0 S=0
576 c0 tick | r=0 y=2 cur=t3,t1 T=R1.X2.R2.X3.-.-.-.-.-.- s=0 Q=-.-.- M=- R=- C=1 N=0.0.0.0.-.-.-.-.-.- E=-.- B=-.- F=-.-.-/0 P=0 S=0
577 c0 tick | r=0 y=2 cur=t3,t2 T=R1.R2.X2.X3.-.-.-.-.-.- s=0 Q=-.-.- M=- R=- C=1 N=0.0.0.0.-.-.-.-.-.- E=-.- B=-.- F=-.-.-/0 P=0 S=0
578 c0 tick | r=0 y=2 cur=t3,Tmr Svc T=R1.R2.R2.X3.-.-.-.-.-.- s=0 Q=-.-.- M=- R=- C=1 N=0.0.0.0.-.-.-.-.-.- E=-.- B=-.- F=-.-.-/0 P=0 S=0
579 c0 tick | r=0 y=2 cur=t3,t1 T=R1.X2.R2.X3.-.-.-.-.-.- s=0 Q=-.-.- M=- R=- C=1 N=0.0.0.0.-.-.-.-.-.- E=-.- B=-.- F=-.-.-/0 P=0 S=0
580 c0 tick | r=0 y=2 cur=t3,t2 T=R1.R2.X2.X3.-.-.-.-.-.- s=0 Q=-.-.- M=- R=- C=1 N=0.0.0.0.-.-.-.-.-.- E=-.- B=-.- F=-.-.-/0 P=0 S=0
581 c0 tick | r=0 y=2 cur=t3,Tmr Svc T=R1.R2.R2.X3.-.-.-.-.-.- s=0 Q=-.-.- M=- R=- C=1 N=0.0.0.0.-.-.-.-.-.- E=-.- B=-.- F=-.-.-/0 P=0 S=0
582 c0 tick | r=0 y=2 cur=t3,t1 T=R1.X2.R2.X3.-.-.-.-.-.- s=0 Q=-.-.- M=- R=- C=1 N=0.0.0.0.-.-.-.-.-.- E=-.- B=-.- F=-.-.-/0 P=0 S=0
583 c0 tick | r=0 y=2 cur=t3,t2 T=R1.R2.X2.X3.-.-.-.-.-.- s=0 Q=-.-.- M=- R=- C=1 N=0.0.0.0.-.-.-.-.-.- E=-.- B=-.- F=-.-.-/0 P=0 S=0
584 c0 tick | r=0 y=2 cur=t3,Tmr Svc T=R1.R2.R2.X3.-.-.-.-.-.- s=0 Q=-.-.- M=- R=- C=1 N=0.0.0.0.-.-.-.-.-.- E=-.- B=-.- F=-.-.-/0 P=0 S=0
585 c0 tick | r=0 y=2 cur=t3,t1 T=R1.X2.R2.X3.-.-.-.-.-.- s=0 Q=-.-.- M=- R=- C=1 N=0.0.0.0.-.-.-.-.-.- E=-.- B=-.- F=-.-.-/0 P=0 S=0
586 c0 tick | r=0 y=2 cur=t3,t2 T=R1.R2.X2.X3.-.-.-.-.-.- s=0 Q=-.-.- M=- R=- C=1 N=0.0.0.0.-.-.-.-.-.- E=-.- B=-.- F=-.-.-/0 P=0 S=0
587 c0 tick | r=0 y=2 cur=t3,Tmr Svc T=R1.R2.R2.X3.-.-.-.-.-.- s=0 Q=-.-.- M=- R=- C=1 N=0.0.0.0.-.-.-.-.-.- E=-.- B=-.- F=-.-.-/0 P=0 S=0
588 c0 tick | r=0 y=2 cur=t3,t1 T=R1.X2.R2.X3.-.-.-.-.-.- s=0 Q=-.-.- M=- R=- C=1 N=0.0.0.0.-.-.-.-.-.- E=-.- B=-.- F=-.-.-/0 P=0 S=0
589 c0 tick | r=0 y=2 cur=t3,t2 T=R1.R2.X2.X3.-.-.-.-.-.- s=0 Q=-.-.- M=- R=- C=1 N=0.0.0.0.-.-.-.-.-.- E=-.- B=-.- F=-.-.-/0 P=0 S=0
590 c0 tick | r=0 y=2 cur=t3,Tmr Svc T=R1.R2.R2.X3.-.-.-.-.-.- s=0 Q=-.-.- M=- R=- C=1 N=0.0.0.0.-.-.-.-.-.- E=-.- B=-.- F=-.-.-/0 P=0 S=0
591 c0 tick | r=0 y=2 cur=t3,t1 T=R1.X2.R2.X3.-.-.-.-.-.- s=0 Q=-.-.- M=- R=- C=1 N=0.0.0.0.-.-.-.-.-.- E=-.- B=-.- F=-.-.-/0 P=0 S=0
592 c0 tick | r=0 y=2 cur=t3,t2 T=R1.R2.X2.X3.-.-.-.-.-.- s=0 Q=-.-.- M=- R=- C=1 N=0.0.0.0.-.-.-.-.-.- E=-.- B=-.- F=-.-.-/0 P=0 S=0
593 c0 tick | r=0 y=2 cur=t3,Tmr Svc T=R1.R2.R2.X3.-.-.-.-.-.- s=0 Q=-.-.- M=- R=- C=1 N=0.0.0.0.-.-.-.-.-.- E=-.- B=-.- F=-.-.-/0 P=0 S=0
594 c0 tick | r=0 y=2 cur=t3,t1 T=R1.X2.R2.X3.-.-.-.-.-.- s=0 Q=-.-.- M=- R=- C=1 N=0.0.0.0.-.-.-.-.-.- E=-.- B=-.- F=-.-.-/0 P=0 S=0
595 c0 tick | r=0 y=2 cur=t3,t2 T=R1.R2.X2.X3.-.-.-.-.-.- s=0 Q=-.-.- M=- R=- C=1 N=0.0.0.0.-.-.-.-.-.- E=-.- B=-.- F=-.-.-/0 P=0 S=0
596 c0 tick | r=0 y=2 cur=t3,Tmr Svc T=R1.R2.R2.X3.-.-.-.-.-.- s=0 Q=-.-.- M=- R=- C=1 N=0.0.0.0.-.-.-.-.-.- E=-.- B=-.- F=-.-.-/0 P=0 S=0
597 c0 tick | r=0 y=2 cur=t3,t1 T=R1.X2.R2.X3.-.-.-.-.-.- s=0 Q=-.-.- M=- R=- C=1 N=0.0.0.0.-.-.-.-.-.- E=-.- B=-.- F=-.-.-/0 P=0 S=0
598 c0 tick | r=0 y=2 cur=t3,t2 T=R1.R2.X2.X3.-.-.-.-.-.- s=0 Q=-.-.- M=- R=- C=1 N=0.0.0.0.-.-.-.-.-.- E=-.- B=-.- F=-.-.-/0 P=0 S=0
599 c0 tick | r=0 y=2 cur=t3,Tmr Svc T=R1.R2.R2.X3.-.-.-.-.-.- s=0 Q=-.-.- M=- R=- C=1 N=0.0.0.0.-.-.-.-.-.- E=-.- B=-.- F=-.-.-/0 P=0 S=0
600 c0 tick | r=0 y=2 cur=t3,t1 T=R1.X2.R2.X3.-.-.-.-.-.- s=0 Q=-.-.- M=- R=- C=1 N=0.0.0.0.-.-.-.-.-.- E=-.- B=-.- F=-.-.-/0 P=0 S=0
601 c0 setwake 4294967280 | r=0 y=0 cur=t3,t1 T=R1.X2.R2.X3.-.-.-.-.-.- s=0 Q=-.-.- M=- R=- C=1 N=0.0.0.0.-.-.-.-.-.- E=-.- B=-.- F=-.-.-/0 P=0 S=0
602 c0 dlyuntil 5 | r=8589934570 y=1 cur=t3,t1 T=R1.X2.R2.X3.-.-.-.-.-.- s=0 Q=-.-.- M=- R=- C=1 N=0.0.0.0.-.-.-.-.-.- E=-.- B=-.- F=-.-.-/0 P=0 S=0
603 c0 setwake 4294967294 | r=0 y=0 cur=t3,t1 T=R1.X2.R2.X3.-.-.-.-.-.- s=0 Q=-.-.- M=- R=- C=1 N=0.0.0.0.-.-.-.-.-.- E=-.- B=-.- F=-.-.-/0 P=0 S=0
604 c0 dlyuntil 5 | r=7 y=1 cur=t2,t1 T=R1.X2.X2.B3.-.-.-.-.-.- s=0 Q=-.-.- M=- R=- C=1 N=0.0.0.0.-.-.-.-.-.- E=-.- B=-.- F=-.-.-/0 P=0 S=0
605 c0 tick | r=1 y=3 cur=Tmr Svc,t2 T=R1.R2.X2.B3.-.-.-.-.-.- s=0 Q=-.-.- M=- R=- C=1 N=0.0.0.0.-.-.-.-.-.- E=-.- B=-.- F=-.-.-/0 P=0 S=0
606 c0 daemon | r=0 y=1 cur=t1,t2 T=R1.X2.X2.B3.-.-.-.-.-.- s=0 Q=-.-.- M=- R=- C=1 N=0.0.0.0.-.-.-.-.-.- E=-.- B=-.- F=-.-.-/0 P=0 S=0
607 c0 tick | r=1 y=3 cur=t1,t2 T=R1.X2.X2.B3.-.-.-.-.-.- s=0 Q=-.-.- M=- R=- C=1 N=0.0.0.0.-.-.-.-.-.- E=-.- B=-.- F=-.-.-/0 P=0 S=0
608 c0 tick | r=1 y=3 cur=t3,t1 T=R1.X2.R2.X3.-.-.-.-.-.- s=0 Q=-.-.- M=- R=- C=1 N=0.0.0.0.-.-.-.-.-.- E=-.- B=-.- F=-.-.-/0 P=0 S=0
609 c0 tick | r=0 y=2 cur=t3,t2 T=R1.R2.X2.X3.-.-.-.-.-.- s=0 Q=-.-.- M=- R=- C=1 N=0.0.0.0.-.-.-.-.-.- E=-.- B=-.- F=-.-.-/0 P=0 S=0
610 c0 dlyuntil 5 | r=17 y=1 cur=t1,t2 T=R1.X2.X2.B3.-.-.-.-.-.- s=0 Q=-.-.- M=- R=- C=1 N=0.0.0.0.-.-.-.-.-.- E=-.- B=-.- F=-.-.-/0 P=0 S=0
611 c0 dlyuntil 5 | r=11 y=1 cur=t0,t2 T=X1.B2.X2.B3.-.-.-.-.-.- s=0 Q=-.-.- M=- R=- C=1 N=0.0.0.0.-.-.-.-.-.- E=-.- B=-.- F=-.-.-/0 P=0 S=0
